File:    1	"__RuntimeModule__"
File:    2	"C:\Program Files (x86)\Metrowerks\CodeWarrior\Palm OS Support\CodeWarrior Libraries\Runtime\PalmOSRuntime_2i_A4A5.lib"
File:    3	"CPlusLib68K.cp"
File:    4	"Exception68K.cp"
File:    5	"LongLong68K.c"
File:    6	"MWRTTI.cp"
File:    7	"NMWException.cp"
File:    8	"NewMore.cp"
File:    9	"New.cp"
File:   10	"PalmOS_AbortExit.cpp"
File:   11	"PalmOS_GlobalDestructors.c"
File:   12	"PalmOS_setjmp.c"
File:   13	"PalmOS_Startup.cpp"
File:   14	"CWCallbackThunks.cpp"
File:   15	"CWRuntime.c"
File:   16	"C:\Program Files (x86)\Metrowerks\CodeWarrior\CW for Palm OS Support\MSL\MSL_C++\MSL_Palm_OS\Lib\68K\MSL_C++_PalmOS_2i_DbgA4A5.lib"
File:   17	"\\engserv\cdserver\Product_Layouts\PalmOS\Version 9.0\Win Layout\CW for Palm OS Support\MSL\MSL_C++\MSL_Common\Src\ios.cpp"
File:   18	"\\engserv\cdserver\Product_Layouts\PalmOS\Version 9.0\Win Layout\CW for Palm OS Support\MSL\MSL_C++\MSL_Common\Src\iostream.cpp"
File:   19	"\\engserv\cdserver\Product_Layouts\PalmOS\Version 9.0\Win Layout\CW for Palm OS Support\MSL\MSL_C++\MSL_Common\Src\MSLstring.cpp"
File:   20	"\\engserv\cdserver\Product_Layouts\PalmOS\Version 9.0\Win Layout\CW for Palm OS Support\MSL\MSL_C++\MSL_Common\Src\mutex.cpp"
File:   21	"\\engserv\cdserver\Product_Layouts\PalmOS\Version 9.0\Win Layout\CW for Palm OS Support\MSL\MSL_C++\MSL_Common\Src\strstream.cpp"
File:   22	"\\engserv\cdserver\Product_Layouts\PalmOS\Version 9.0\Win Layout\CW for Palm OS Support\MSL\MSL_C++\MSL_Common\Src\complex.cpp"
File:   23	"\\engserv\cdserver\Product_Layouts\PalmOS\Version 9.0\Win Layout\CW for Palm OS Support\MSL\MSL_C\MSL_Common\Src\float.c"
File:   24	"\\engserv\cdserver\Product_Layouts\PalmOS\Version 9.0\Win Layout\CW for Palm OS Support\MSL\MSL_C\MSL_Common\Src\errno.c"
File:   25	"\\engserv\cdserver\Product_Layouts\PalmOS\Version 9.0\Win Layout\CW for Palm OS Support\MSL\MSL_C\MSL_Common\Src\string.c"
File:   26	"\\engserv\cdserver\Product_Layouts\PalmOS\Version 9.0\Win Layout\CW for Palm OS Support\MSL\MSL_C\MSL_Common\Src\qsort.c"
File:   27	"\\engserv\cdserver\Product_Layouts\PalmOS\Version 9.0\Win Layout\CW for Palm OS Support\MSL\MSL_C\MSL_Common\Src\arith.c"
File:   28	"\\engserv\cdserver\Product_Layouts\PalmOS\Version 9.0\Win Layout\CW for Palm OS Support\MSL\MSL_C\MSL_Common\Src\bsearch.c"
File:   29	"\\engserv\cdserver\Product_Layouts\PalmOS\Version 9.0\Win Layout\CW for Palm OS Support\MSL\MSL_C\MSL_Common\Src\rand.c"
File:   30	"\\engserv\cdserver\Product_Layouts\PalmOS\Version 9.0\Win Layout\CW for Palm OS Support\MSL\MSL_C\MSL_Common\Src\ctype.c"
File:   31	"\\engserv\cdserver\Product_Layouts\PalmOS\Version 9.0\Win Layout\CW for Palm OS Support\MSL\MSL_C\MSL_Common\Src\locale.c"
File:   32	"C:\Users\jaubi\Desktop\Palm\Dev\TamagotchiPalmOS\Rsc\TamagotchiPalmOS_Rsc.rcp"
File:   33	"C:\Users\jaubi\Desktop\Palm\Dev\TamagotchiPalmOS\Src\TamagotchiPalmOS.c"
File:   34	"C:\Users\jaubi\Desktop\Palm\Dev\TamagotchiPalmOS\Src\cpu.c"
File:   35	"C:\Users\jaubi\Desktop\Palm\Dev\TamagotchiPalmOS\Src\hw.c"
File:   36	"C:\Users\jaubi\Desktop\Palm\Dev\TamagotchiPalmOS\Src\tamalib.c"

Segment:   1   16770 bytes  "Segment 1"
Code: 000004      12 bytes  "__DummyStartup__"               File: "__RuntimeModule__"
Code: 000010      16 bytes  "__rt_ultoi64"                   File: "LongLong68K.c"
Code: 000020      12 bytes  "__dthandler__4MTWKFv"           File: "NMWException.cp"
Code: 00002c      12 bytes  "__duhandler__4MTWKFv"
Code: 000038      34 bytes  "terminate__3stdFv"
Code: 00005a      40 bytes  "abort"                          File: "PalmOS_AbortExit.cpp"
Code: 000082      42 bytes  "__destroy_global_chain"         File: "PalmOS_GlobalDestructors.c"
Code: 0000ac      14 bytes  "setjmp"                         File: "PalmOS_setjmp.c"
Code: 0000ba      18 bytes  "longjmp"
Code: 0000cc     162 bytes  "__Relocate____4MTWKFPScPScUl"   File: "PalmOS_Startup.cpp"
Code: 00016e     206 bytes  "__Relocate_StorageHeap____4MTWKFPScPScPScUl"
Code: 00023c     408 bytes  "__DecompressA4Data____4MTWKFPScPScPSc"
Code: 0003d4     426 bytes  "__SetupA4ConstGlobals____4MTWKFbPPvPPv"
Code: 00057e     568 bytes  "__Startup__"
Code: 0007b6       8 bytes  "__PreInit__"
Code: 0007be       8 bytes  "__InitCode__"
Code: 0007c6     376 bytes  "__LoadAndRelocate____4MTWKFUcP7_opaque"
Code: 00093e      32 bytes  "__CWPrototypeEventThunk__4MTWKFv" File: "CWCallbackThunks.cpp"
Code: 00095e      46 bytes  "_CW_GenerateEventThunk"
Code: 00098c      24 bytes  "program_load"                   File: "C:\Users\jaubi\Desktop\Palm\Dev\TamagotchiPalmOS\Src\TamagotchiPalmOS.c"
Code: 0009a4      16 bytes  "hal_malloc"
Code: 0009b4      16 bytes  "malloc"
Code: 0009c4      16 bytes  "hal_free"
Code: 0009d4      24 bytes  "free"
Code: 0009ec       8 bytes  "hal_halt"
Code: 0009f4       8 bytes  "hal_sleep_until"
Code: 0009fc      22 bytes  "hal_get_timestamp"
Code: 000a12      24 bytes  "hal_set_lcd_icon"
Code: 000a2a      50 bytes  "hal_set_lcd_matrix"
Code: 000a5c     150 bytes  "hal_update_screen"
Code: 000af2      28 bytes  "hal_set_frequency"
Code: 000b0e      24 bytes  "hal_play_frequency"
Code: 000b26     176 bytes  "hal_handler"
Code: 000bd6      10 bytes  "hal_is_log_enabled"
Code: 000be0       8 bytes  "hal_log"
Code: 000be8     302 bytes  "load_state_from_prefs"
Code: 000d16     278 bytes  "save_state_to_prefs"
Code: 000e2c      40 bytes  "GetObjectPtr"
Code: 000e54       8 bytes  "MainFormInit"
Code: 000e5c     216 bytes  "MainFormDoCommand"
Code: 000f34      76 bytes  "MainFormHandleEvent"
Code: 000f80      74 bytes  "AppHandleEvent"
Code: 000fca      48 bytes  "AppEventLoop"
Code: 000ffa     108 bytes  "poll_keys"
Code: 001066     158 bytes  "AppStart"
Code: 001104      50 bytes  "AppStop"
Code: 001136     296 bytes  "RomVersionCompatible"
Code: 00125e      80 bytes  "PilotMain"
Code: 0012ae      14 bytes  "cpu_set_speed"                  File: "C:\Users\jaubi\Desktop\Palm\Dev\TamagotchiPalmOS\Src\cpu.c"
Code: 0012bc      12 bytes  "cpu_get_state"
Code: 0012c8      12 bytes  "cpu_get_depth"
Code: 0012d4      98 bytes  "generate_interrupt"
Code: 001336     152 bytes  "cpu_set_input_pin"
Code: 0013ce      22 bytes  "cpu_sync_ref_timestamp"
Code: 0013e4     622 bytes  "get_io"
Code: 001652     416 bytes  "set_io"
Code: 0017f2     100 bytes  "set_lcd"
Code: 001856     460 bytes  "get_memory"
Code: 001a22     502 bytes  "set_memory"
Code: 001c18     108 bytes  "cpu_refresh_hw"
Code: 001c84      70 bytes  "get_rq"
Code: 001cca      78 bytes  "set_rq"
Code: 001d18      36 bytes  "op_inc_x_cb"
Code: 001d3c      36 bytes  "op_inc_y_cb"
Code: 001d60      32 bytes  "op_ld_x_cb"
Code: 001d80      32 bytes  "op_ld_y_cb"
Code: 001da0     182 bytes  "op_add_r_i_cb"
Code: 001e56      38 bytes  "op_jp_nz_cb"
Code: 001e7c      14 bytes  "op_pset_cb"
Code: 001e8a      24 bytes  "op_ld_r_i_cb"
Code: 001ea2      80 bytes  "op_lbpx_cb"
Code: 001ef2      64 bytes  "op_ldpy_r_cb"
Code: 001f32     120 bytes  "op_ret_cb"
Code: 001faa      40 bytes  "op_ld_xp_r_cb"
Code: 001fd2      36 bytes  "op_ld_r_q_cb"
Code: 001ff6     166 bytes  "op_call_cb"
Code: 00209c     204 bytes  "op_adc_r_i_cb"
Code: 002168     150 bytes  "op_calz_cb"
Code: 0021fe      28 bytes  "op_jp_cb"
Code: 00221a      38 bytes  "op_jp_z_cb"
Code: 002240      50 bytes  "op_pop_r_cb"
Code: 002272      50 bytes  "op_push_r_cb"
Code: 0022a4      38 bytes  "op_jp_c_cb"
Code: 0022ca      64 bytes  "op_ldpx_r_cb"
Code: 00230a      16 bytes  "op_rst_cb"
Code: 00231a      76 bytes  "op_cp_r_i_cb"
Code: 002366      16 bytes  "op_set_cb"
Code: 002376      46 bytes  "op_push_xp_cb"
Code: 0023a4      68 bytes  "op_pop_xp_cb"
Code: 0023e8      98 bytes  "op_or_r_q_cb"
Code: 00244a      46 bytes  "op_push_xh_cb"
Code: 002478      44 bytes  "op_push_xl_cb"
Code: 0024a4      68 bytes  "op_pop_xh_cb"
Code: 0024e8      70 bytes  "op_pop_xl_cb"
Code: 00252e      50 bytes  "op_fan_r_i_cb"
Code: 002560     130 bytes  "op_adc_xl_cb"
Code: 0025e2      82 bytes  "op_and_r_i_cb"
Code: 002634      38 bytes  "op_jp_nc_cb"
Code: 00265a     100 bytes  "op_xor_r_q_cb"
Code: 0026be      98 bytes  "op_and_r_q_cb"
Code: 002720      38 bytes  "op_push_f_cb"
Code: 002746     108 bytes  "op_cp_r_q_cb"
Code: 0027b2      38 bytes  "op_pop_f_cb"
Code: 0027d8      82 bytes  "op_xor_r_i_cb"
Code: 00282a      82 bytes  "op_or_r_i_cb"
Code: 00287c      40 bytes  "op_ld_yp_r_cb"
Code: 0028a4     198 bytes  "op_add_r_q_cb"
Code: 00296a      38 bytes  "op_jpba_cb"
Code: 002990      24 bytes  "op_ld_a_mn_cb"
Code: 0029a8     136 bytes  "op_adc_yh_cb"
Code: 002a30     192 bytes  "op_retd_cb"
Code: 002af0      24 bytes  "op_ld_mn_a_cb"
Code: 002b08     116 bytes  "op_rrc_cb"
Code: 002b7c      24 bytes  "op_ld_b_mn_cb"
Code: 002b94      24 bytes  "op_ld_mn_b_cb"
Code: 002bac      48 bytes  "op_ldpx_mx_cb"
Code: 002bdc     220 bytes  "op_adc_r_q_cb"
Code: 002cb8     106 bytes  "op_dec_mn_cb"
Code: 002d22      76 bytes  "op_cp_xh_cb"
Code: 002d6e      48 bytes  "op_ldpy_my_cb"
Code: 002d9e     108 bytes  "op_rlc_cb"
Code: 002e0a      54 bytes  "op_ld_xh_r_cb"
Code: 002e40      56 bytes  "op_ld_xl_r_cb"
Code: 002e78      54 bytes  "op_ld_yh_r_cb"
Code: 002eae      56 bytes  "op_ld_yl_r_cb"
Code: 002ee6     130 bytes  "op_adc_yl_cb"
Code: 002f68      72 bytes  "op_cp_xl_cb"
Code: 002fb0     106 bytes  "op_inc_mn_cb"
Code: 00301a      32 bytes  "op_ld_r_xh_cb"
Code: 00303a     136 bytes  "op_adc_xh_cb"
Code: 0030c2     230 bytes  "op_acpx_cb"
Code: 0031a8      30 bytes  "op_ld_r_xl_cb"
Code: 0031c6      32 bytes  "op_ld_r_yh_cb"
Code: 0031e6      30 bytes  "op_ld_r_yl_cb"
Code: 003204     186 bytes  "op_sub_cb"
Code: 0032be       8 bytes  "op_nop5_cb"
Code: 0032c6      68 bytes  "op_pop_yh_cb"
Code: 00330a      70 bytes  "op_pop_yl_cb"
Code: 003350      46 bytes  "op_push_yh_cb"
Code: 00337e      44 bytes  "op_push_yl_cb"
Code: 0033aa      36 bytes  "op_ld_sph_r_cb"
Code: 0033ce      44 bytes  "op_ld_spl_r_cb"
Code: 0033fa     134 bytes  "op_rets_cb"
Code: 003480       8 bytes  "op_nop7_cb"
Code: 003488      18 bytes  "op_halt_cb"
Code: 00349a      32 bytes  "op_ld_r_xp_cb"
Code: 0034ba      32 bytes  "op_ld_r_yp_cb"
Code: 0034da      76 bytes  "op_cp_yh_cb"
Code: 003526      72 bytes  "op_cp_yl_cb"
Code: 00356e      14 bytes  "op_scf_cb"
Code: 00357c      14 bytes  "op_rcf_cb"
Code: 00358a      14 bytes  "op_szf_cb"
Code: 003598      14 bytes  "op_rzf_cb"
Code: 0035a6      14 bytes  "op_sdf_cb"
Code: 0035b4      14 bytes  "op_rdf_cb"
Code: 0035c2      14 bytes  "op_ei_cb"
Code: 0035d0      14 bytes  "op_di_cb"
Code: 0035de      22 bytes  "op_inc_sp_cb"
Code: 0035f4      22 bytes  "op_dec_sp_cb"
Code: 00360a      46 bytes  "op_push_yp_cb"
Code: 003638      68 bytes  "op_pop_yp_cb"
Code: 00367c      34 bytes  "op_ld_r_sph_cb"
Code: 00369e      30 bytes  "op_ld_r_spl_cb"
Code: 0036bc     192 bytes  "op_sbc_r_i_cb"
Code: 00377c     208 bytes  "op_sbc_r_q_cb"
Code: 00384c      66 bytes  "op_fan_r_q_cb"
Code: 00388e     230 bytes  "op_acpy_cb"
Code: 003974     218 bytes  "op_scpx_cb"
Code: 003a4e     218 bytes  "op_scpy_cb"
Code: 003b28      80 bytes  "op_not_cb"
Code: 003b78     244 bytes  "process_interrupts"
Code: 003c6c      88 bytes  "cpu_reset"
Code: 003cc4      32 bytes  "cpu_init"
Code: 003ce4     530 bytes  "cpu_step"
Code: 003ef6      38 bytes  "hw_init"                        File: "C:\Users\jaubi\Desktop\Palm\Dev\TamagotchiPalmOS\Src\hw.c"
Code: 003f1c     138 bytes  "hw_set_lcd_pin"
Code: 003fa6      86 bytes  "hw_set_button"
Code: 003ffc     132 bytes  "hw_set_buzzer_freq"
Code: 004080      22 bytes  "hw_enable_buzzer"
Code: 004096      50 bytes  "tamalib_init"                   File: "C:\Users\jaubi\Desktop\Palm\Dev\TamagotchiPalmOS\Src\tamalib.c"
Code: 0040c8      14 bytes  "tamalib_register_hal"
Code: 0040d6      26 bytes  "tamalib_set_exec_mode"
Code: 0040f0     146 bytes  "tamalib_step"

Data section below A5:  22864 bytes
Data section above A5:     46 bytes

Initialized near data
Data:     -2       2 bytes  "exec_mode"
Data:    -42      40 bytes  "seg_pos"
Data:  -2004    1962 bytes  "ops"
Data:  -2024      20 bytes  "refresh_locs$292"
Data:  -2092      68 bytes  "cpu_state"
Data:  -2093       1 bytes  "speed_ratio"
Data:  -2118      24 bytes  "interrupts"
Data:  -2170      52 bytes  "hal"
Data:  -2186      16 bytes  "icon_button_buffer"
Data: -14474   12288 bytes  "g_program_b12"

Uninitialized near data
Data: -14478       4 bytes  "__global_destructor_chain"
Data: -14482       4 bytes  "ts_freq"
Data: -14486       4 bytes  "g_hal"
Data: -14490       4 bytes  "step_depth"
Data: -14492       2 bytes  "pc"
Data: -14494       2 bytes  "next_pc"
Data: -14496       2 bytes  "x"
Data: -14498       2 bytes  "y"
Data: -14499       1 bytes  "a"
Data: -14500       1 bytes  "b"
Data: -14501       1 bytes  "np"
Data: -14502       1 bytes  "sp"
Data: -14503       1 bytes  "flags"
Data: -18600    4096 bytes  "memory"
Data: -18604       4 bytes  "ts_freq"
Data: -18612       8 bytes  "ref_ts"
Data: -18613       1 bytes  "previous_cycles$1825"
Data: -18618       4 bytes  "tick_counter"
Data: -18619       1 bytes  "prog_timer_rld"
Data: -18620       1 bytes  "prog_timer_data"
Data: -18621       1 bytes  "prog_timer_enabled"
Data: -18626       4 bytes  "prog_timer_timestamp"
Data: -18630       4 bytes  "clk_timer_timestamp"
Data: -18634       4 bytes  "call_depth"
Data: -18638       4 bytes  "g_breakpoints"
Data: -18642       4 bytes  "inputs"
Data: -18646       4 bytes  "g_program"
Data: -18678      32 bytes  "MainFormHandleEventThunk"
Data: -22832    4154 bytes  "g_prefs"
Data: -22833       1 bytes  "is_audio_playing"
Data: -22836       2 bytes  "sin_pos"
Data: -22840       4 bytes  "current_freq"
Data: -22844       4 bytes  "screen_bmp_data"
Data: -22848       4 bytes  "screen_bmp"
Data: -22856       8 bytes  "icon_buffer"
Data: -22860       4 bytes  "g_program_size"
Data: -22864       4 bytes  "g_program"

Initialized far data
Data:     40       6 bytes  "@exceptioninfo@"

Expanded Data section below A4:   2790 bytes
Expanded Data section above A4:    160 bytes

Expanded initialized near A4 relative data
Data:    -26      25 bytes  "@1254"
Data:    -52      25 bytes  "@1253"
Data:    -78      25 bytes  "@1252"
Data:   -104      25 bytes  "@1251"
Data:   -132      27 bytes  "@1250"
Data:   -160      27 bytes  "@1249"
Data:   -188      27 bytes  "@1248"
Data:   -214      25 bytes  "@1247"
Data:   -240      25 bytes  "@1246"
Data:   -264      23 bytes  "@1245"
Data:   -288      23 bytes  "@1244"
Data:   -312      23 bytes  "@1243"
Data:   -336      23 bytes  "@1242"
Data:   -360      23 bytes  "@1241"
Data:   -384      23 bytes  "@1240"
Data:   -408      23 bytes  "@1239"
Data:   -432      23 bytes  "@1238"
Data:   -456      23 bytes  "@1237"
Data:   -480      23 bytes  "@1236"
Data:   -504      23 bytes  "@1235"
Data:   -528      23 bytes  "@1234"
Data:   -554      25 bytes  "@1233"
Data:   -580      25 bytes  "@1232"
Data:   -606      25 bytes  "@1231"
Data:   -632      25 bytes  "@1230"
Data:   -656      23 bytes  "@1229"
Data:   -680      23 bytes  "@1228"
Data:   -704      23 bytes  "@1227"
Data:   -730      25 bytes  "@1226"
Data:   -756      25 bytes  "@1225"
Data:   -780      23 bytes  "@1224"
Data:   -804      23 bytes  "@1223"
Data:   -828      23 bytes  "@1222"
Data:   -852      23 bytes  "@1221"
Data:   -876      23 bytes  "@1220"
Data:   -904      27 bytes  "@1219"
Data:   -930      25 bytes  "@1218"
Data:   -956      25 bytes  "@1217"
Data:   -982      25 bytes  "@1216"
Data:  -1008      25 bytes  "@1215"
Data:  -1034      25 bytes  "@1214"
Data:  -1060      25 bytes  "@1213"
Data:  -1086      25 bytes  "@1212"
Data:  -1112      25 bytes  "@1211"
Data:  -1138      25 bytes  "@1210"
Data:  -1164      25 bytes  "@1209"
Data:  -1190      25 bytes  "@1208"
Data:  -1216      25 bytes  "@1207"
Data:  -1242      25 bytes  "@1206"
Data:  -1268      25 bytes  "@1205"
Data:  -1294      25 bytes  "@1204"
Data:  -1320      25 bytes  "@1203"
Data:  -1346      25 bytes  "@1202"
Data:  -1372      25 bytes  "@1201"
Data:  -1400      27 bytes  "@1200"
Data:  -1426      25 bytes  "@1199"
Data:  -1452      25 bytes  "@1198"
Data:  -1478      25 bytes  "@1197"
Data:  -1504      25 bytes  "@1196"
Data:  -1530      25 bytes  "@1195"
Data:  -1556      25 bytes  "@1194"
Data:  -1582      25 bytes  "@1193"
Data:  -1608      25 bytes  "@1192"
Data:  -1632      23 bytes  "@1191"
Data:  -1660      27 bytes  "@1190"
Data:  -1686      25 bytes  "@1189"
Data:  -1714      27 bytes  "@1188"
Data:  -1742      27 bytes  "@1187"
Data:  -1766      23 bytes  "@1186"
Data:  -1794      27 bytes  "@1185"
Data:  -1818      23 bytes  "@1184"
Data:  -1846      27 bytes  "@1183"
Data:  -1874      27 bytes  "@1182"
Data:  -1900      25 bytes  "@1181"
Data:  -1926      25 bytes  "@1180"
Data:  -1954      27 bytes  "@1179"
Data:  -1980      25 bytes  "@1178"
Data:  -2008      27 bytes  "@1177"
Data:  -2032      23 bytes  "@1176"
Data:  -2056      23 bytes  "@1175"
Data:  -2080      23 bytes  "@1174"
Data:  -2104      23 bytes  "@1173"
Data:  -2132      27 bytes  "@1172"
Data:  -2156      23 bytes  "@1171"
Data:  -2180      23 bytes  "@1170"
Data:  -2206      25 bytes  "@1169"
Data:  -2234      27 bytes  "@1168"
Data:  -2260      25 bytes  "@1167"
Data:  -2288      27 bytes  "@1166"
Data:  -2314      25 bytes  "@1165"
Data:  -2340      25 bytes  "@1164"
Data:  -2366      25 bytes  "@1163"
Data:  -2392      25 bytes  "@1162"
Data:  -2418      25 bytes  "@1161"
Data:  -2444      25 bytes  "@1160"
Data:  -2472      27 bytes  "@1159"
Data:  -2498      25 bytes  "@1158"
Data:  -2526      27 bytes  "@1157"
Data:  -2552      25 bytes  "@1156"
Data:  -2576      23 bytes  "@1155"
Data:  -2604      27 bytes  "@1154"
Data:  -2630      25 bytes  "@1153"
Data:  -2656      25 bytes  "@1152"
Data:  -2684      27 bytes  "@1151"
Data:  -2710      25 bytes  "@1150"
Data:  -2736      25 bytes  "@1149"
Data:  -2762      25 bytes  "@1148"
Data:  -2790      27 bytes  "@1147"

Expanded initialized far A4 relative data
Data:      0     160 bytes  "__segtable__"

-----

PRC DB Name:       TamagotchiPalmOS
PRC DB Version:    1
Type:              appl
Creator:           JOBN
Resource Count:    14
Creation Time:     2024-09-27 @ 1438
Modification Time: 2024-09-27 @ 1438
Last Backup Time:  
Attributes:         0x00000009
                    dmHdrAttrResDB
                    dmHdrAttrBackup

1:   tAIN           Application Name String            1000 (0x03e8)     17
[TamagotchiPalmOS]
2:   tver           Application Version String         1000 (0x03e8)     4
[1.0]
3:   code           68K Object Code                    1 (0x0001)        16770
4:   data           68K Global Data                    0 (0x0000)        14441
5:   data           68K Global Data                    1 (0x0001)        2245
6:   code           68K Object Code                    0 (0x0000)        24
7:   MBAR           Menu Bar                           1001 (0x03e9)     285
8:   MBAR           Menu Bar                           1005 (0x03ed)     191
9:   Talt           Alert                              1007 (0x03ef)     98
10:   tFRM           Form                               1008 (0x03f0)     376
11:   tFRM           Form                               1017 (0x03f9)     364
12:   tFRM           Form                               1022 (0x03fe)     238
13:   tAIB           Application Icon                   1000 (0x03e8)     2360
14:   tAIB           Application Icon                   1001 (0x03e9)     692
