File:    1	"__RuntimeModule__"
File:    2	"C:\Program Files (x86)\Metrowerks\CodeWarrior\Palm OS Support\CodeWarrior Libraries\Runtime\PalmOSRuntime_2i_A4A5.lib"
File:    3	"CPlusLib68K.cp"
File:    4	"Exception68K.cp"
File:    5	"LongLong68K.c"
File:    6	"MWRTTI.cp"
File:    7	"NMWException.cp"
File:    8	"NewMore.cp"
File:    9	"New.cp"
File:   10	"PalmOS_AbortExit.cpp"
File:   11	"PalmOS_GlobalDestructors.c"
File:   12	"PalmOS_setjmp.c"
File:   13	"PalmOS_Startup.cpp"
File:   14	"CWCallbackThunks.cpp"
File:   15	"CWRuntime.c"
File:   16	"C:\Program Files (x86)\Metrowerks\CodeWarrior\CW for Palm OS Support\MSL\MSL_C++\MSL_Palm_OS\Lib\68K\MSL_C++_PalmOS_2i_DbgA4A5.lib"
File:   17	"\\engserv\cdserver\Product_Layouts\PalmOS\Version 9.0\Win Layout\CW for Palm OS Support\MSL\MSL_C++\MSL_Common\Src\ios.cpp"
File:   18	"\\engserv\cdserver\Product_Layouts\PalmOS\Version 9.0\Win Layout\CW for Palm OS Support\MSL\MSL_C++\MSL_Common\Src\iostream.cpp"
File:   19	"\\engserv\cdserver\Product_Layouts\PalmOS\Version 9.0\Win Layout\CW for Palm OS Support\MSL\MSL_C++\MSL_Common\Src\MSLstring.cpp"
File:   20	"\\engserv\cdserver\Product_Layouts\PalmOS\Version 9.0\Win Layout\CW for Palm OS Support\MSL\MSL_C++\MSL_Common\Src\mutex.cpp"
File:   21	"\\engserv\cdserver\Product_Layouts\PalmOS\Version 9.0\Win Layout\CW for Palm OS Support\MSL\MSL_C++\MSL_Common\Src\strstream.cpp"
File:   22	"\\engserv\cdserver\Product_Layouts\PalmOS\Version 9.0\Win Layout\CW for Palm OS Support\MSL\MSL_C++\MSL_Common\Src\complex.cpp"
File:   23	"\\engserv\cdserver\Product_Layouts\PalmOS\Version 9.0\Win Layout\CW for Palm OS Support\MSL\MSL_C\MSL_Common\Src\float.c"
File:   24	"\\engserv\cdserver\Product_Layouts\PalmOS\Version 9.0\Win Layout\CW for Palm OS Support\MSL\MSL_C\MSL_Common\Src\errno.c"
File:   25	"\\engserv\cdserver\Product_Layouts\PalmOS\Version 9.0\Win Layout\CW for Palm OS Support\MSL\MSL_C\MSL_Common\Src\string.c"
File:   26	"\\engserv\cdserver\Product_Layouts\PalmOS\Version 9.0\Win Layout\CW for Palm OS Support\MSL\MSL_C\MSL_Common\Src\qsort.c"
File:   27	"\\engserv\cdserver\Product_Layouts\PalmOS\Version 9.0\Win Layout\CW for Palm OS Support\MSL\MSL_C\MSL_Common\Src\arith.c"
File:   28	"\\engserv\cdserver\Product_Layouts\PalmOS\Version 9.0\Win Layout\CW for Palm OS Support\MSL\MSL_C\MSL_Common\Src\bsearch.c"
File:   29	"\\engserv\cdserver\Product_Layouts\PalmOS\Version 9.0\Win Layout\CW for Palm OS Support\MSL\MSL_C\MSL_Common\Src\rand.c"
File:   30	"\\engserv\cdserver\Product_Layouts\PalmOS\Version 9.0\Win Layout\CW for Palm OS Support\MSL\MSL_C\MSL_Common\Src\ctype.c"
File:   31	"\\engserv\cdserver\Product_Layouts\PalmOS\Version 9.0\Win Layout\CW for Palm OS Support\MSL\MSL_C\MSL_Common\Src\locale.c"
File:   32	"C:\Users\jaubi\Desktop\Palm\Dev\TamagotchiPalmOS\Rsc\TamagotchiPalmOS_Rsc.rcp"
File:   33	"C:\Users\jaubi\Desktop\Palm\Dev\TamagotchiPalmOS\Src\TamagotchiPalmOS.c"
File:   34	"C:\Users\jaubi\Desktop\Palm\Dev\TamagotchiPalmOS\Src\cpu.c"
File:   35	"C:\Users\jaubi\Desktop\Palm\Dev\TamagotchiPalmOS\Src\hw.c"
File:   36	"C:\Users\jaubi\Desktop\Palm\Dev\TamagotchiPalmOS\Src\tamalib.c"

Segment:   1   17706 bytes  "Segment 1"
Code: 000004      12 bytes  "__DummyStartup__"               File: "__RuntimeModule__"
Code: 000010      12 bytes  "__dthandler__4MTWKFv"           File: "NMWException.cp"
Code: 00001c      12 bytes  "__duhandler__4MTWKFv"
Code: 000028      34 bytes  "terminate__3stdFv"
Code: 00004a      40 bytes  "abort"                          File: "PalmOS_AbortExit.cpp"
Code: 000072      42 bytes  "__destroy_global_chain"         File: "PalmOS_GlobalDestructors.c"
Code: 00009c      14 bytes  "setjmp"                         File: "PalmOS_setjmp.c"
Code: 0000aa      18 bytes  "longjmp"
Code: 0000bc     162 bytes  "__Relocate____4MTWKFPScPScUl"   File: "PalmOS_Startup.cpp"
Code: 00015e     206 bytes  "__Relocate_StorageHeap____4MTWKFPScPScPScUl"
Code: 00022c     408 bytes  "__DecompressA4Data____4MTWKFPScPScPSc"
Code: 0003c4     426 bytes  "__SetupA4ConstGlobals____4MTWKFbPPvPPv"
Code: 00056e     568 bytes  "__Startup__"
Code: 0007a6       8 bytes  "__PreInit__"
Code: 0007ae       8 bytes  "__InitCode__"
Code: 0007b6     376 bytes  "__LoadAndRelocate____4MTWKFUcP7_opaque"
Code: 00092e      32 bytes  "__CWPrototypeEventThunk__4MTWKFv" File: "CWCallbackThunks.cpp"
Code: 00094e      46 bytes  "_CW_GenerateEventThunk"
Code: 00097c      32 bytes  "__lmul__"                       File: "CWRuntime.c"
Code: 00099c      76 bytes  "__ldivu__"
Code: 0009e8      34 bytes  "__ldiv__"
Code: 000a0a      22 bytes  "program_load"                   File: "C:\Users\jaubi\Desktop\Palm\Dev\TamagotchiPalmOS\Src\TamagotchiPalmOS.c"
Code: 000a20      18 bytes  "hal_halt"
Code: 000a32      44 bytes  "hal_sleep_until"
Code: 000a5e      28 bytes  "hal_get_timestamp"
Code: 000a7a      38 bytes  "clock"
Code: 000aa0      24 bytes  "hal_set_lcd_icon"
Code: 000ab8      36 bytes  "hal_set_lcd_matrix"
Code: 000adc     102 bytes  "hal_update_screen"
Code: 000b42      28 bytes  "hal_set_frequency"
Code: 000b5e      24 bytes  "hal_play_frequency"
Code: 000b76     176 bytes  "hal_handler"
Code: 000c26      10 bytes  "hal_is_log_enabled"
Code: 000c30       8 bytes  "hal_log"
Code: 000c38     108 bytes  "poll_keys"
Code: 000ca4       8 bytes  "MainFormInit"
Code: 000cac     466 bytes  "MainFormDoCommand"
Code: 000e7e      76 bytes  "MainFormHandleEvent"
Code: 000eca      74 bytes  "AppHandleEvent"
Code: 000f14      56 bytes  "AppEventLoop"
Code: 000f4c      68 bytes  "AppStart"
Code: 000f90      38 bytes  "AppStop"
Code: 000fb6     296 bytes  "RomVersionCompatible"
Code: 0010de     122 bytes  "PilotMain"
Code: 001158      12 bytes  "cpu_get_depth"                  File: "C:\Users\jaubi\Desktop\Palm\Dev\TamagotchiPalmOS\Src\cpu.c"
Code: 001164      98 bytes  "generate_interrupt"
Code: 0011c6     152 bytes  "cpu_set_input_pin"
Code: 00125e      22 bytes  "cpu_sync_ref_timestamp"
Code: 001274     784 bytes  "get_io"
Code: 001584     416 bytes  "set_io"
Code: 001724     100 bytes  "set_lcd"
Code: 001788     528 bytes  "get_memory"
Code: 001998     806 bytes  "set_memory"
Code: 001cbe      70 bytes  "get_rq"
Code: 001d04      78 bytes  "set_rq"
Code: 001d52      14 bytes  "op_pset_cb"
Code: 001d60      28 bytes  "op_jp_cb"
Code: 001d7c      38 bytes  "op_jp_c_cb"
Code: 001da2      38 bytes  "op_jp_nc_cb"
Code: 001dc8      38 bytes  "op_jp_z_cb"
Code: 001dee      38 bytes  "op_jp_nz_cb"
Code: 001e14      38 bytes  "op_jpba_cb"
Code: 001e3a     166 bytes  "op_call_cb"
Code: 001ee0     150 bytes  "op_calz_cb"
Code: 001f76     120 bytes  "op_ret_cb"
Code: 001fee     134 bytes  "op_rets_cb"
Code: 002074     192 bytes  "op_retd_cb"
Code: 002134       8 bytes  "op_nop5_cb"
Code: 00213c       8 bytes  "op_nop7_cb"
Code: 002144      18 bytes  "op_halt_cb"
Code: 002156      36 bytes  "op_inc_x_cb"
Code: 00217a      36 bytes  "op_inc_y_cb"
Code: 00219e      32 bytes  "op_ld_x_cb"
Code: 0021be      32 bytes  "op_ld_y_cb"
Code: 0021de      40 bytes  "op_ld_xp_r_cb"
Code: 002206      54 bytes  "op_ld_xh_r_cb"
Code: 00223c      56 bytes  "op_ld_xl_r_cb"
Code: 002274      40 bytes  "op_ld_yp_r_cb"
Code: 00229c      54 bytes  "op_ld_yh_r_cb"
Code: 0022d2      56 bytes  "op_ld_yl_r_cb"
Code: 00230a      32 bytes  "op_ld_r_xp_cb"
Code: 00232a      32 bytes  "op_ld_r_xh_cb"
Code: 00234a      30 bytes  "op_ld_r_xl_cb"
Code: 002368      32 bytes  "op_ld_r_yp_cb"
Code: 002388      32 bytes  "op_ld_r_yh_cb"
Code: 0023a8      30 bytes  "op_ld_r_yl_cb"
Code: 0023c6     136 bytes  "op_adc_xh_cb"
Code: 00244e     130 bytes  "op_adc_xl_cb"
Code: 0024d0     136 bytes  "op_adc_yh_cb"
Code: 002558     130 bytes  "op_adc_yl_cb"
Code: 0025da      76 bytes  "op_cp_xh_cb"
Code: 002626      72 bytes  "op_cp_xl_cb"
Code: 00266e      76 bytes  "op_cp_yh_cb"
Code: 0026ba      72 bytes  "op_cp_yl_cb"
Code: 002702      24 bytes  "op_ld_r_i_cb"
Code: 00271a      36 bytes  "op_ld_r_q_cb"
Code: 00273e      24 bytes  "op_ld_a_mn_cb"
Code: 002756      24 bytes  "op_ld_b_mn_cb"
Code: 00276e      24 bytes  "op_ld_mn_a_cb"
Code: 002786      24 bytes  "op_ld_mn_b_cb"
Code: 00279e      48 bytes  "op_ldpx_mx_cb"
Code: 0027ce      64 bytes  "op_ldpx_r_cb"
Code: 00280e      48 bytes  "op_ldpy_my_cb"
Code: 00283e      64 bytes  "op_ldpy_r_cb"
Code: 00287e      80 bytes  "op_lbpx_cb"
Code: 0028ce      16 bytes  "op_set_cb"
Code: 0028de      16 bytes  "op_rst_cb"
Code: 0028ee      14 bytes  "op_scf_cb"
Code: 0028fc      14 bytes  "op_rcf_cb"
Code: 00290a      14 bytes  "op_szf_cb"
Code: 002918      14 bytes  "op_rzf_cb"
Code: 002926      14 bytes  "op_sdf_cb"
Code: 002934      14 bytes  "op_rdf_cb"
Code: 002942      14 bytes  "op_ei_cb"
Code: 002950      14 bytes  "op_di_cb"
Code: 00295e      22 bytes  "op_inc_sp_cb"
Code: 002974      22 bytes  "op_dec_sp_cb"
Code: 00298a      50 bytes  "op_push_r_cb"
Code: 0029bc      46 bytes  "op_push_xp_cb"
Code: 0029ea      46 bytes  "op_push_xh_cb"
Code: 002a18      44 bytes  "op_push_xl_cb"
Code: 002a44      46 bytes  "op_push_yp_cb"
Code: 002a72      46 bytes  "op_push_yh_cb"
Code: 002aa0      44 bytes  "op_push_yl_cb"
Code: 002acc      38 bytes  "op_push_f_cb"
Code: 002af2      50 bytes  "op_pop_r_cb"
Code: 002b24      68 bytes  "op_pop_xp_cb"
Code: 002b68      68 bytes  "op_pop_xh_cb"
Code: 002bac      70 bytes  "op_pop_xl_cb"
Code: 002bf2      68 bytes  "op_pop_yp_cb"
Code: 002c36      68 bytes  "op_pop_yh_cb"
Code: 002c7a      70 bytes  "op_pop_yl_cb"
Code: 002cc0      38 bytes  "op_pop_f_cb"
Code: 002ce6      36 bytes  "op_ld_sph_r_cb"
Code: 002d0a      44 bytes  "op_ld_spl_r_cb"
Code: 002d36      34 bytes  "op_ld_r_sph_cb"
Code: 002d58      30 bytes  "op_ld_r_spl_cb"
Code: 002d76     182 bytes  "op_add_r_i_cb"
Code: 002e2c     198 bytes  "op_add_r_q_cb"
Code: 002ef2     204 bytes  "op_adc_r_i_cb"
Code: 002fbe     220 bytes  "op_adc_r_q_cb"
Code: 00309a     186 bytes  "op_sub_cb"
Code: 003154     192 bytes  "op_sbc_r_i_cb"
Code: 003214     208 bytes  "op_sbc_r_q_cb"
Code: 0032e4      82 bytes  "op_and_r_i_cb"
Code: 003336      98 bytes  "op_and_r_q_cb"
Code: 003398      82 bytes  "op_or_r_i_cb"
Code: 0033ea      98 bytes  "op_or_r_q_cb"
Code: 00344c      82 bytes  "op_xor_r_i_cb"
Code: 00349e     100 bytes  "op_xor_r_q_cb"
Code: 003502      76 bytes  "op_cp_r_i_cb"
Code: 00354e     108 bytes  "op_cp_r_q_cb"
Code: 0035ba      50 bytes  "op_fan_r_i_cb"
Code: 0035ec      66 bytes  "op_fan_r_q_cb"
Code: 00362e     108 bytes  "op_rlc_cb"
Code: 00369a     116 bytes  "op_rrc_cb"
Code: 00370e     106 bytes  "op_inc_mn_cb"
Code: 003778     106 bytes  "op_dec_mn_cb"
Code: 0037e2     230 bytes  "op_acpx_cb"
Code: 0038c8     230 bytes  "op_acpy_cb"
Code: 0039ae     218 bytes  "op_scpx_cb"
Code: 003a88     218 bytes  "op_scpy_cb"
Code: 003b62      80 bytes  "op_not_cb"
Code: 003bb2     106 bytes  "wait_for_cycles"
Code: 003c1c     254 bytes  "process_interrupts"
Code: 003d1a     664 bytes  "print_state"
Code: 003fb2     108 bytes  "cpu_reset"
Code: 00401e      32 bytes  "cpu_init"
Code: 00403e     624 bytes  "cpu_step"
Code: 0042ae      38 bytes  "hw_init"                        File: "C:\Users\jaubi\Desktop\Palm\Dev\TamagotchiPalmOS\Src\hw.c"
Code: 0042d4     138 bytes  "hw_set_lcd_pin"
Code: 00435e      86 bytes  "hw_set_button"
Code: 0043b4     116 bytes  "hw_set_buzzer_freq"
Code: 004428      22 bytes  "hw_enable_buzzer"
Code: 00443e      50 bytes  "tamalib_init"                   File: "C:\Users\jaubi\Desktop\Palm\Dev\TamagotchiPalmOS\Src\tamalib.c"
Code: 004470      14 bytes  "tamalib_register_hal"
Code: 00447e      26 bytes  "tamalib_set_exec_mode"
Code: 004498     146 bytes  "tamalib_step"

Data section below A5:  15714 bytes
Data section above A5:     46 bytes

Initialized near data
Data:     -2       2 bytes  "exec_mode"
Data:    -42      40 bytes  "seg_pos"
Data:  -2004    1962 bytes  "ops"
Data:  -2005       1 bytes  "speed_ratio"
Data:  -2030      24 bytes  "interrupts"
Data:  -2082      52 bytes  "hal"
Data: -14370   12288 bytes  "g_program_b12"

Uninitialized near data
Data: -14374       4 bytes  "__global_destructor_chain"
Data: -14376       2 bytes  "ts_freq"
Data: -14380       4 bytes  "g_hal"
Data: -14382       2 bytes  "step_depth"
Data: -14384       2 bytes  "pc"
Data: -14386       2 bytes  "next_pc"
Data: -14388       2 bytes  "x"
Data: -14390       2 bytes  "y"
Data: -14391       1 bytes  "a"
Data: -14392       1 bytes  "b"
Data: -14393       1 bytes  "np"
Data: -14394       1 bytes  "sp"
Data: -14395       1 bytes  "flags"
Data: -14860     464 bytes  "memory"
Data: -14862       2 bytes  "ts_freq"
Data: -14864       2 bytes  "ref_ts"
Data: -14865       1 bytes  "previous_cycles$1698"
Data: -14868       2 bytes  "tick_counter"
Data: -14869       1 bytes  "prog_timer_rld"
Data: -14870       1 bytes  "prog_timer_data"
Data: -14871       1 bytes  "prog_timer_enabled"
Data: -14874       2 bytes  "prog_timer_timestamp"
Data: -14876       2 bytes  "clk_timer_timestamp"
Data: -14878       2 bytes  "call_depth"
Data: -14882       4 bytes  "g_breakpoints"
Data: -14886       4 bytes  "inputs"
Data: -14890       4 bytes  "g_program"
Data: -15148     258 bytes  "g_prefs"
Data: -15180      32 bytes  "MainFormHandleEventThunk"
Data: -15181       1 bytes  "is_audio_playing"
Data: -15184       2 bytes  "sin_pos"
Data: -15186       2 bytes  "current_freq"
Data: -15194       8 bytes  "icon_buffer"
Data: -15196       2 bytes  "screen_ts"
Data: -15708     512 bytes  "matrix_buffer"
Data: -15710       2 bytes  "g_program_size"
Data: -15714       4 bytes  "g_program"

Initialized far data
Data:     40       6 bytes  "@exceptioninfo@"

Expanded Data section below A4:   2790 bytes
Expanded Data section above A4:    160 bytes

Expanded initialized near A4 relative data
Data:    -26      25 bytes  "@1594"
Data:    -52      25 bytes  "@1593"
Data:    -78      25 bytes  "@1592"
Data:   -104      25 bytes  "@1591"
Data:   -130      25 bytes  "@1590"
Data:   -156      25 bytes  "@1589"
Data:   -182      25 bytes  "@1588"
Data:   -208      25 bytes  "@1587"
Data:   -234      25 bytes  "@1586"
Data:   -262      27 bytes  "@1585"
Data:   -290      27 bytes  "@1584"
Data:   -318      27 bytes  "@1583"
Data:   -346      27 bytes  "@1582"
Data:   -374      27 bytes  "@1581"
Data:   -402      27 bytes  "@1580"
Data:   -430      27 bytes  "@1579"
Data:   -458      27 bytes  "@1578"
Data:   -486      27 bytes  "@1577"
Data:   -514      27 bytes  "@1576"
Data:   -542      27 bytes  "@1575"
Data:   -570      27 bytes  "@1574"
Data:   -598      27 bytes  "@1573"
Data:   -626      27 bytes  "@1572"
Data:   -654      27 bytes  "@1571"
Data:   -682      27 bytes  "@1570"
Data:   -710      27 bytes  "@1569"
Data:   -736      25 bytes  "@1568"
Data:   -762      25 bytes  "@1567"
Data:   -788      25 bytes  "@1566"
Data:   -814      25 bytes  "@1565"
Data:   -838      23 bytes  "@1564"
Data:   -862      23 bytes  "@1563"
Data:   -886      23 bytes  "@1562"
Data:   -910      23 bytes  "@1561"
Data:   -934      23 bytes  "@1560"
Data:   -958      23 bytes  "@1559"
Data:   -982      23 bytes  "@1558"
Data:  -1008      25 bytes  "@1557"
Data:  -1032      23 bytes  "@1556"
Data:  -1056      23 bytes  "@1555"
Data:  -1080      23 bytes  "@1554"
Data:  -1104      23 bytes  "@1553"
Data:  -1128      23 bytes  "@1552"
Data:  -1152      23 bytes  "@1551"
Data:  -1176      23 bytes  "@1550"
Data:  -1202      25 bytes  "@1549"
Data:  -1226      23 bytes  "@1548"
Data:  -1250      23 bytes  "@1547"
Data:  -1274      23 bytes  "@1546"
Data:  -1298      23 bytes  "@1545"
Data:  -1322      23 bytes  "@1544"
Data:  -1346      23 bytes  "@1543"
Data:  -1370      23 bytes  "@1542"
Data:  -1394      23 bytes  "@1541"
Data:  -1418      23 bytes  "@1540"
Data:  -1442      23 bytes  "@1539"
Data:  -1468      25 bytes  "@1538"
Data:  -1494      25 bytes  "@1537"
Data:  -1520      25 bytes  "@1536"
Data:  -1548      27 bytes  "@1535"
Data:  -1574      25 bytes  "@1534"
Data:  -1602      27 bytes  "@1533"
Data:  -1628      25 bytes  "@1532"
Data:  -1654      25 bytes  "@1531"
Data:  -1680      25 bytes  "@1530"
Data:  -1706      25 bytes  "@1529"
Data:  -1732      25 bytes  "@1528"
Data:  -1760      27 bytes  "@1527"
Data:  -1788      27 bytes  "@1526"
Data:  -1814      25 bytes  "@1525"
Data:  -1840      25 bytes  "@1524"
Data:  -1866      25 bytes  "@1523"
Data:  -1892      25 bytes  "@1522"
Data:  -1918      25 bytes  "@1521"
Data:  -1944      25 bytes  "@1520"
Data:  -1970      25 bytes  "@1519"
Data:  -1996      25 bytes  "@1518"
Data:  -2022      25 bytes  "@1517"
Data:  -2048      25 bytes  "@1516"
Data:  -2074      25 bytes  "@1515"
Data:  -2100      25 bytes  "@1514"
Data:  -2126      25 bytes  "@1513"
Data:  -2152      25 bytes  "@1512"
Data:  -2178      25 bytes  "@1511"
Data:  -2204      25 bytes  "@1510"
Data:  -2230      25 bytes  "@1509"
Data:  -2256      25 bytes  "@1508"
Data:  -2282      25 bytes  "@1507"
Data:  -2308      25 bytes  "@1506"
Data:  -2334      25 bytes  "@1505"
Data:  -2360      25 bytes  "@1504"
Data:  -2386      25 bytes  "@1503"
Data:  -2412      25 bytes  "@1502"
Data:  -2436      23 bytes  "@1501"
Data:  -2460      23 bytes  "@1500"
Data:  -2484      23 bytes  "@1499"
Data:  -2510      25 bytes  "@1498"
Data:  -2534      23 bytes  "@1497"
Data:  -2558      23 bytes  "@1496"
Data:  -2584      25 bytes  "@1495"
Data:  -2610      25 bytes  "@1494"
Data:  -2634      23 bytes  "@1493"
Data:  -2660      25 bytes  "@1492"
Data:  -2686      25 bytes  "@1491"
Data:  -2712      25 bytes  "@1490"
Data:  -2738      25 bytes  "@1489"
Data:  -2764      25 bytes  "@1488"
Data:  -2790      25 bytes  "@1487"

Expanded initialized far A4 relative data
Data:      0     160 bytes  "__segtable__"

-----

PRC DB Name:       TamagotchiPalmOS
PRC DB Version:    1
Type:              appl
Creator:           JOBN
Resource Count:    14
Creation Time:     2024-08-28 @ 0040
Modification Time: 2024-08-28 @ 0040
Last Backup Time:  
Attributes:         0x00000009
                    dmHdrAttrResDB
                    dmHdrAttrBackup

1:   tAIN           Application Name String            1000 (0x03e8)     17
[TamagotchiPalmOS]
2:   tver           Application Version String         1000 (0x03e8)     4
[1.0]
3:   code           68K Object Code                    1 (0x0001)        17706
4:   data           68K Global Data                    0 (0x0000)        14311
5:   data           68K Global Data                    1 (0x0001)        2245
6:   code           68K Object Code                    0 (0x0000)        24
7:   MBAR           Menu Bar                           1001 (0x03e9)     285
8:   MBAR           Menu Bar                           1005 (0x03ed)     191
9:   Talt           Alert                              1007 (0x03ef)     98
10:   tFRM           Form                               1008 (0x03f0)     188
11:   tFRM           Form                               1012 (0x03f4)     326
12:   tFRM           Form                               1017 (0x03f9)     286
13:   tAIB           Application Icon                   1000 (0x03e8)     2360
14:   tAIB           Application Icon                   1001 (0x03e9)     692
