File:    1	"__RuntimeModule__"
File:    2	"C:\Program Files (x86)\Metrowerks\CodeWarrior\Palm OS Support\CodeWarrior Libraries\Runtime\PalmOSRuntime_2i_A4A5.lib"
File:    3	"CPlusLib68K.cp"
File:    4	"Exception68K.cp"
File:    5	"LongLong68K.c"
File:    6	"MWRTTI.cp"
File:    7	"NMWException.cp"
File:    8	"NewMore.cp"
File:    9	"New.cp"
File:   10	"PalmOS_AbortExit.cpp"
File:   11	"PalmOS_GlobalDestructors.c"
File:   12	"PalmOS_setjmp.c"
File:   13	"PalmOS_Startup.cpp"
File:   14	"CWCallbackThunks.cpp"
File:   15	"CWRuntime.c"
File:   16	"C:\Program Files (x86)\Metrowerks\CodeWarrior\CW for Palm OS Support\MSL\MSL_C++\MSL_Palm_OS\Lib\68K\MSL_C++_PalmOS_2i_DbgA4A5.lib"
File:   17	"\\engserv\cdserver\Product_Layouts\PalmOS\Version 9.0\Win Layout\CW for Palm OS Support\MSL\MSL_C++\MSL_Common\Src\ios.cpp"
File:   18	"\\engserv\cdserver\Product_Layouts\PalmOS\Version 9.0\Win Layout\CW for Palm OS Support\MSL\MSL_C++\MSL_Common\Src\iostream.cpp"
File:   19	"\\engserv\cdserver\Product_Layouts\PalmOS\Version 9.0\Win Layout\CW for Palm OS Support\MSL\MSL_C++\MSL_Common\Src\MSLstring.cpp"
File:   20	"\\engserv\cdserver\Product_Layouts\PalmOS\Version 9.0\Win Layout\CW for Palm OS Support\MSL\MSL_C++\MSL_Common\Src\mutex.cpp"
File:   21	"\\engserv\cdserver\Product_Layouts\PalmOS\Version 9.0\Win Layout\CW for Palm OS Support\MSL\MSL_C++\MSL_Common\Src\strstream.cpp"
File:   22	"\\engserv\cdserver\Product_Layouts\PalmOS\Version 9.0\Win Layout\CW for Palm OS Support\MSL\MSL_C++\MSL_Common\Src\complex.cpp"
File:   23	"\\engserv\cdserver\Product_Layouts\PalmOS\Version 9.0\Win Layout\CW for Palm OS Support\MSL\MSL_C\MSL_Common\Src\float.c"
File:   24	"\\engserv\cdserver\Product_Layouts\PalmOS\Version 9.0\Win Layout\CW for Palm OS Support\MSL\MSL_C\MSL_Common\Src\errno.c"
File:   25	"\\engserv\cdserver\Product_Layouts\PalmOS\Version 9.0\Win Layout\CW for Palm OS Support\MSL\MSL_C\MSL_Common\Src\string.c"
File:   26	"\\engserv\cdserver\Product_Layouts\PalmOS\Version 9.0\Win Layout\CW for Palm OS Support\MSL\MSL_C\MSL_Common\Src\qsort.c"
File:   27	"\\engserv\cdserver\Product_Layouts\PalmOS\Version 9.0\Win Layout\CW for Palm OS Support\MSL\MSL_C\MSL_Common\Src\arith.c"
File:   28	"\\engserv\cdserver\Product_Layouts\PalmOS\Version 9.0\Win Layout\CW for Palm OS Support\MSL\MSL_C\MSL_Common\Src\bsearch.c"
File:   29	"\\engserv\cdserver\Product_Layouts\PalmOS\Version 9.0\Win Layout\CW for Palm OS Support\MSL\MSL_C\MSL_Common\Src\rand.c"
File:   30	"\\engserv\cdserver\Product_Layouts\PalmOS\Version 9.0\Win Layout\CW for Palm OS Support\MSL\MSL_C\MSL_Common\Src\ctype.c"
File:   31	"\\engserv\cdserver\Product_Layouts\PalmOS\Version 9.0\Win Layout\CW for Palm OS Support\MSL\MSL_C\MSL_Common\Src\locale.c"
File:   32	"C:\Users\jaubi\Desktop\Palm\Dev\TamagotchiPalmOS\Rsc\TamagotchiPalmOS_Rsc.rcp"
File:   33	"C:\Users\jaubi\Desktop\Palm\Dev\TamagotchiPalmOS\Src\TamagotchiPalmOS.c"
File:   34	"C:\Users\jaubi\Desktop\Palm\Dev\TamagotchiPalmOS\Src\cpu.c"
File:   35	"C:\Users\jaubi\Desktop\Palm\Dev\TamagotchiPalmOS\Src\hw.c"
File:   36	"C:\Users\jaubi\Desktop\Palm\Dev\TamagotchiPalmOS\Src\tamalib.c"

Segment:   1   17604 bytes  "Segment 1"
Code: 000004      12 bytes  "__DummyStartup__"               File: "__RuntimeModule__"
Code: 000010      12 bytes  "__dthandler__4MTWKFv"           File: "NMWException.cp"
Code: 00001c      12 bytes  "__duhandler__4MTWKFv"
Code: 000028      34 bytes  "terminate__3stdFv"
Code: 00004a      40 bytes  "abort"                          File: "PalmOS_AbortExit.cpp"
Code: 000072      42 bytes  "__destroy_global_chain"         File: "PalmOS_GlobalDestructors.c"
Code: 00009c      14 bytes  "setjmp"                         File: "PalmOS_setjmp.c"
Code: 0000aa      18 bytes  "longjmp"
Code: 0000bc     162 bytes  "__Relocate____4MTWKFPScPScUl"   File: "PalmOS_Startup.cpp"
Code: 00015e     206 bytes  "__Relocate_StorageHeap____4MTWKFPScPScPScUl"
Code: 00022c     408 bytes  "__DecompressA4Data____4MTWKFPScPScPSc"
Code: 0003c4     426 bytes  "__SetupA4ConstGlobals____4MTWKFbPPvPPv"
Code: 00056e     568 bytes  "__Startup__"
Code: 0007a6       8 bytes  "__PreInit__"
Code: 0007ae       8 bytes  "__InitCode__"
Code: 0007b6     376 bytes  "__LoadAndRelocate____4MTWKFUcP7_opaque"
Code: 00092e      32 bytes  "__CWPrototypeEventThunk__4MTWKFv" File: "CWCallbackThunks.cpp"
Code: 00094e      46 bytes  "_CW_GenerateEventThunk"
Code: 00097c      32 bytes  "__lmul__"                       File: "CWRuntime.c"
Code: 00099c      76 bytes  "__ldivu__"
Code: 0009e8      34 bytes  "__ldiv__"
Code: 000a0a      22 bytes  "program_load"                   File: "C:\Users\jaubi\Desktop\Palm\Dev\TamagotchiPalmOS\Src\TamagotchiPalmOS.c"
Code: 000a20      12 bytes  "hal_halt"
Code: 000a2c      44 bytes  "hal_sleep_until"
Code: 000a58      28 bytes  "hal_get_timestamp"
Code: 000a74      38 bytes  "clock"
Code: 000a9a      24 bytes  "hal_set_lcd_icon"
Code: 000ab2      36 bytes  "hal_set_lcd_matrix"
Code: 000ad6      86 bytes  "hal_update_screen"
Code: 000b2c      28 bytes  "hal_set_frequency"
Code: 000b48      24 bytes  "hal_play_frequency"
Code: 000b60      10 bytes  "hal_handler"
Code: 000b6a      10 bytes  "hal_is_log_enabled"
Code: 000b74       8 bytes  "hal_log"
Code: 000b7c      40 bytes  "GetObjectPtr"
Code: 000ba4     124 bytes  "MainFormInit"
Code: 000c20     466 bytes  "MainFormDoCommand"
Code: 000df2     150 bytes  "MainFormHandleEvent"
Code: 000e88      74 bytes  "AppHandleEvent"
Code: 000ed2     132 bytes  "AppEventLoop"
Code: 000f56      68 bytes  "AppStart"
Code: 000f9a      38 bytes  "AppStop"
Code: 000fc0     296 bytes  "RomVersionCompatible"
Code: 0010e8     122 bytes  "PilotMain"
Code: 001162      12 bytes  "cpu_get_depth"                  File: "C:\Users\jaubi\Desktop\Palm\Dev\TamagotchiPalmOS\Src\cpu.c"
Code: 00116e      98 bytes  "generate_interrupt"
Code: 0011d0     152 bytes  "cpu_set_input_pin"
Code: 001268      22 bytes  "cpu_sync_ref_timestamp"
Code: 00127e     784 bytes  "get_io"
Code: 00158e     416 bytes  "set_io"
Code: 00172e     100 bytes  "set_lcd"
Code: 001792     528 bytes  "get_memory"
Code: 0019a2     806 bytes  "set_memory"
Code: 001cc8      70 bytes  "get_rq"
Code: 001d0e      78 bytes  "set_rq"
Code: 001d5c      14 bytes  "op_pset_cb"
Code: 001d6a      28 bytes  "op_jp_cb"
Code: 001d86      38 bytes  "op_jp_c_cb"
Code: 001dac      38 bytes  "op_jp_nc_cb"
Code: 001dd2      38 bytes  "op_jp_z_cb"
Code: 001df8      38 bytes  "op_jp_nz_cb"
Code: 001e1e      38 bytes  "op_jpba_cb"
Code: 001e44     166 bytes  "op_call_cb"
Code: 001eea     150 bytes  "op_calz_cb"
Code: 001f80     120 bytes  "op_ret_cb"
Code: 001ff8     134 bytes  "op_rets_cb"
Code: 00207e     192 bytes  "op_retd_cb"
Code: 00213e       8 bytes  "op_nop5_cb"
Code: 002146       8 bytes  "op_nop7_cb"
Code: 00214e      18 bytes  "op_halt_cb"
Code: 002160      36 bytes  "op_inc_x_cb"
Code: 002184      36 bytes  "op_inc_y_cb"
Code: 0021a8      32 bytes  "op_ld_x_cb"
Code: 0021c8      32 bytes  "op_ld_y_cb"
Code: 0021e8      40 bytes  "op_ld_xp_r_cb"
Code: 002210      54 bytes  "op_ld_xh_r_cb"
Code: 002246      56 bytes  "op_ld_xl_r_cb"
Code: 00227e      40 bytes  "op_ld_yp_r_cb"
Code: 0022a6      54 bytes  "op_ld_yh_r_cb"
Code: 0022dc      56 bytes  "op_ld_yl_r_cb"
Code: 002314      32 bytes  "op_ld_r_xp_cb"
Code: 002334      32 bytes  "op_ld_r_xh_cb"
Code: 002354      30 bytes  "op_ld_r_xl_cb"
Code: 002372      32 bytes  "op_ld_r_yp_cb"
Code: 002392      32 bytes  "op_ld_r_yh_cb"
Code: 0023b2      30 bytes  "op_ld_r_yl_cb"
Code: 0023d0     136 bytes  "op_adc_xh_cb"
Code: 002458     130 bytes  "op_adc_xl_cb"
Code: 0024da     136 bytes  "op_adc_yh_cb"
Code: 002562     130 bytes  "op_adc_yl_cb"
Code: 0025e4      76 bytes  "op_cp_xh_cb"
Code: 002630      72 bytes  "op_cp_xl_cb"
Code: 002678      76 bytes  "op_cp_yh_cb"
Code: 0026c4      72 bytes  "op_cp_yl_cb"
Code: 00270c      24 bytes  "op_ld_r_i_cb"
Code: 002724      36 bytes  "op_ld_r_q_cb"
Code: 002748      24 bytes  "op_ld_a_mn_cb"
Code: 002760      24 bytes  "op_ld_b_mn_cb"
Code: 002778      24 bytes  "op_ld_mn_a_cb"
Code: 002790      24 bytes  "op_ld_mn_b_cb"
Code: 0027a8      48 bytes  "op_ldpx_mx_cb"
Code: 0027d8      64 bytes  "op_ldpx_r_cb"
Code: 002818      48 bytes  "op_ldpy_my_cb"
Code: 002848      64 bytes  "op_ldpy_r_cb"
Code: 002888      80 bytes  "op_lbpx_cb"
Code: 0028d8      16 bytes  "op_set_cb"
Code: 0028e8      16 bytes  "op_rst_cb"
Code: 0028f8      14 bytes  "op_scf_cb"
Code: 002906      14 bytes  "op_rcf_cb"
Code: 002914      14 bytes  "op_szf_cb"
Code: 002922      14 bytes  "op_rzf_cb"
Code: 002930      14 bytes  "op_sdf_cb"
Code: 00293e      14 bytes  "op_rdf_cb"
Code: 00294c      14 bytes  "op_ei_cb"
Code: 00295a      14 bytes  "op_di_cb"
Code: 002968      22 bytes  "op_inc_sp_cb"
Code: 00297e      22 bytes  "op_dec_sp_cb"
Code: 002994      50 bytes  "op_push_r_cb"
Code: 0029c6      46 bytes  "op_push_xp_cb"
Code: 0029f4      46 bytes  "op_push_xh_cb"
Code: 002a22      44 bytes  "op_push_xl_cb"
Code: 002a4e      46 bytes  "op_push_yp_cb"
Code: 002a7c      46 bytes  "op_push_yh_cb"
Code: 002aaa      44 bytes  "op_push_yl_cb"
Code: 002ad6      38 bytes  "op_push_f_cb"
Code: 002afc      50 bytes  "op_pop_r_cb"
Code: 002b2e      68 bytes  "op_pop_xp_cb"
Code: 002b72      68 bytes  "op_pop_xh_cb"
Code: 002bb6      70 bytes  "op_pop_xl_cb"
Code: 002bfc      68 bytes  "op_pop_yp_cb"
Code: 002c40      68 bytes  "op_pop_yh_cb"
Code: 002c84      70 bytes  "op_pop_yl_cb"
Code: 002cca      38 bytes  "op_pop_f_cb"
Code: 002cf0      36 bytes  "op_ld_sph_r_cb"
Code: 002d14      44 bytes  "op_ld_spl_r_cb"
Code: 002d40      34 bytes  "op_ld_r_sph_cb"
Code: 002d62      30 bytes  "op_ld_r_spl_cb"
Code: 002d80     182 bytes  "op_add_r_i_cb"
Code: 002e36     198 bytes  "op_add_r_q_cb"
Code: 002efc     204 bytes  "op_adc_r_i_cb"
Code: 002fc8     220 bytes  "op_adc_r_q_cb"
Code: 0030a4     186 bytes  "op_sub_cb"
Code: 00315e     192 bytes  "op_sbc_r_i_cb"
Code: 00321e     208 bytes  "op_sbc_r_q_cb"
Code: 0032ee      82 bytes  "op_and_r_i_cb"
Code: 003340      98 bytes  "op_and_r_q_cb"
Code: 0033a2      82 bytes  "op_or_r_i_cb"
Code: 0033f4      98 bytes  "op_or_r_q_cb"
Code: 003456      82 bytes  "op_xor_r_i_cb"
Code: 0034a8     100 bytes  "op_xor_r_q_cb"
Code: 00350c      76 bytes  "op_cp_r_i_cb"
Code: 003558     108 bytes  "op_cp_r_q_cb"
Code: 0035c4      50 bytes  "op_fan_r_i_cb"
Code: 0035f6      66 bytes  "op_fan_r_q_cb"
Code: 003638     108 bytes  "op_rlc_cb"
Code: 0036a4     116 bytes  "op_rrc_cb"
Code: 003718     106 bytes  "op_inc_mn_cb"
Code: 003782     106 bytes  "op_dec_mn_cb"
Code: 0037ec     230 bytes  "op_acpx_cb"
Code: 0038d2     230 bytes  "op_acpy_cb"
Code: 0039b8     218 bytes  "op_scpx_cb"
Code: 003a92     218 bytes  "op_scpy_cb"
Code: 003b6c      80 bytes  "op_not_cb"
Code: 003bbc     106 bytes  "wait_for_cycles"
Code: 003c26     254 bytes  "process_interrupts"
Code: 003d24     664 bytes  "print_state"
Code: 003fbc     108 bytes  "cpu_reset"
Code: 004028      32 bytes  "cpu_init"
Code: 004048     624 bytes  "cpu_step"
Code: 0042b8      38 bytes  "hw_init"                        File: "C:\Users\jaubi\Desktop\Palm\Dev\TamagotchiPalmOS\Src\hw.c"
Code: 0042de     138 bytes  "hw_set_lcd_pin"
Code: 004368     116 bytes  "hw_set_buzzer_freq"
Code: 0043dc      22 bytes  "hw_enable_buzzer"
Code: 0043f2      50 bytes  "tamalib_init"                   File: "C:\Users\jaubi\Desktop\Palm\Dev\TamagotchiPalmOS\Src\tamalib.c"
Code: 004424      14 bytes  "tamalib_register_hal"
Code: 004432     146 bytes  "tamalib_step"

Data section below A5:  12642 bytes
Data section above A5:     46 bytes

Initialized near data
Data:     -2       2 bytes  "exec_mode"
Data:    -42      40 bytes  "seg_pos"
Data:  -2004    1962 bytes  "ops"
Data:  -2005       1 bytes  "speed_ratio"
Data:  -2030      24 bytes  "interrupts"
Data:  -2082      52 bytes  "hal"
Data: -11298    9216 bytes  "g_program_b12"

Uninitialized near data
Data: -11302       4 bytes  "__global_destructor_chain"
Data: -11304       2 bytes  "ts_freq"
Data: -11308       4 bytes  "g_hal"
Data: -11310       2 bytes  "step_depth"
Data: -11312       2 bytes  "pc"
Data: -11314       2 bytes  "next_pc"
Data: -11316       2 bytes  "x"
Data: -11318       2 bytes  "y"
Data: -11319       1 bytes  "a"
Data: -11320       1 bytes  "b"
Data: -11321       1 bytes  "np"
Data: -11322       1 bytes  "sp"
Data: -11323       1 bytes  "flags"
Data: -11788     464 bytes  "memory"
Data: -11790       2 bytes  "ts_freq"
Data: -11792       2 bytes  "ref_ts"
Data: -11793       1 bytes  "previous_cycles$1698"
Data: -11796       2 bytes  "tick_counter"
Data: -11797       1 bytes  "prog_timer_rld"
Data: -11798       1 bytes  "prog_timer_data"
Data: -11799       1 bytes  "prog_timer_enabled"
Data: -11802       2 bytes  "prog_timer_timestamp"
Data: -11804       2 bytes  "clk_timer_timestamp"
Data: -11806       2 bytes  "call_depth"
Data: -11810       4 bytes  "g_breakpoints"
Data: -11814       4 bytes  "inputs"
Data: -11818       4 bytes  "g_program"
Data: -12076     258 bytes  "g_prefs"
Data: -12108      32 bytes  "MainFormHandleEventThunk"
Data: -12109       1 bytes  "is_audio_playing"
Data: -12112       2 bytes  "sin_pos"
Data: -12114       2 bytes  "current_freq"
Data: -12122       8 bytes  "icon_buffer"
Data: -12124       2 bytes  "screen_ts"
Data: -12636     512 bytes  "matrix_buffer"
Data: -12638       2 bytes  "g_program_size"
Data: -12642       4 bytes  "g_program"

Initialized far data
Data:     40       6 bytes  "@exceptioninfo@"

Expanded Data section below A4:   2790 bytes
Expanded Data section above A4:    160 bytes

Expanded initialized near A4 relative data
Data:    -26      25 bytes  "@1594"
Data:    -52      25 bytes  "@1593"
Data:    -78      25 bytes  "@1592"
Data:   -104      25 bytes  "@1591"
Data:   -130      25 bytes  "@1590"
Data:   -156      25 bytes  "@1589"
Data:   -182      25 bytes  "@1588"
Data:   -208      25 bytes  "@1587"
Data:   -234      25 bytes  "@1586"
Data:   -262      27 bytes  "@1585"
Data:   -290      27 bytes  "@1584"
Data:   -318      27 bytes  "@1583"
Data:   -346      27 bytes  "@1582"
Data:   -374      27 bytes  "@1581"
Data:   -402      27 bytes  "@1580"
Data:   -430      27 bytes  "@1579"
Data:   -458      27 bytes  "@1578"
Data:   -486      27 bytes  "@1577"
Data:   -514      27 bytes  "@1576"
Data:   -542      27 bytes  "@1575"
Data:   -570      27 bytes  "@1574"
Data:   -598      27 bytes  "@1573"
Data:   -626      27 bytes  "@1572"
Data:   -654      27 bytes  "@1571"
Data:   -682      27 bytes  "@1570"
Data:   -710      27 bytes  "@1569"
Data:   -736      25 bytes  "@1568"
Data:   -762      25 bytes  "@1567"
Data:   -788      25 bytes  "@1566"
Data:   -814      25 bytes  "@1565"
Data:   -838      23 bytes  "@1564"
Data:   -862      23 bytes  "@1563"
Data:   -886      23 bytes  "@1562"
Data:   -910      23 bytes  "@1561"
Data:   -934      23 bytes  "@1560"
Data:   -958      23 bytes  "@1559"
Data:   -982      23 bytes  "@1558"
Data:  -1008      25 bytes  "@1557"
Data:  -1032      23 bytes  "@1556"
Data:  -1056      23 bytes  "@1555"
Data:  -1080      23 bytes  "@1554"
Data:  -1104      23 bytes  "@1553"
Data:  -1128      23 bytes  "@1552"
Data:  -1152      23 bytes  "@1551"
Data:  -1176      23 bytes  "@1550"
Data:  -1202      25 bytes  "@1549"
Data:  -1226      23 bytes  "@1548"
Data:  -1250      23 bytes  "@1547"
Data:  -1274      23 bytes  "@1546"
Data:  -1298      23 bytes  "@1545"
Data:  -1322      23 bytes  "@1544"
Data:  -1346      23 bytes  "@1543"
Data:  -1370      23 bytes  "@1542"
Data:  -1394      23 bytes  "@1541"
Data:  -1418      23 bytes  "@1540"
Data:  -1442      23 bytes  "@1539"
Data:  -1468      25 bytes  "@1538"
Data:  -1494      25 bytes  "@1537"
Data:  -1520      25 bytes  "@1536"
Data:  -1548      27 bytes  "@1535"
Data:  -1574      25 bytes  "@1534"
Data:  -1602      27 bytes  "@1533"
Data:  -1628      25 bytes  "@1532"
Data:  -1654      25 bytes  "@1531"
Data:  -1680      25 bytes  "@1530"
Data:  -1706      25 bytes  "@1529"
Data:  -1732      25 bytes  "@1528"
Data:  -1760      27 bytes  "@1527"
Data:  -1788      27 bytes  "@1526"
Data:  -1814      25 bytes  "@1525"
Data:  -1840      25 bytes  "@1524"
Data:  -1866      25 bytes  "@1523"
Data:  -1892      25 bytes  "@1522"
Data:  -1918      25 bytes  "@1521"
Data:  -1944      25 bytes  "@1520"
Data:  -1970      25 bytes  "@1519"
Data:  -1996      25 bytes  "@1518"
Data:  -2022      25 bytes  "@1517"
Data:  -2048      25 bytes  "@1516"
Data:  -2074      25 bytes  "@1515"
Data:  -2100      25 bytes  "@1514"
Data:  -2126      25 bytes  "@1513"
Data:  -2152      25 bytes  "@1512"
Data:  -2178      25 bytes  "@1511"
Data:  -2204      25 bytes  "@1510"
Data:  -2230      25 bytes  "@1509"
Data:  -2256      25 bytes  "@1508"
Data:  -2282      25 bytes  "@1507"
Data:  -2308      25 bytes  "@1506"
Data:  -2334      25 bytes  "@1505"
Data:  -2360      25 bytes  "@1504"
Data:  -2386      25 bytes  "@1503"
Data:  -2412      25 bytes  "@1502"
Data:  -2436      23 bytes  "@1501"
Data:  -2460      23 bytes  "@1500"
Data:  -2484      23 bytes  "@1499"
Data:  -2510      25 bytes  "@1498"
Data:  -2534      23 bytes  "@1497"
Data:  -2558      23 bytes  "@1496"
Data:  -2584      25 bytes  "@1495"
Data:  -2610      25 bytes  "@1494"
Data:  -2634      23 bytes  "@1493"
Data:  -2660      25 bytes  "@1492"
Data:  -2686      25 bytes  "@1491"
Data:  -2712      25 bytes  "@1490"
Data:  -2738      25 bytes  "@1489"
Data:  -2764      25 bytes  "@1488"
Data:  -2790      25 bytes  "@1487"

Expanded initialized far A4 relative data
Data:      0     160 bytes  "__segtable__"

-----

PRC DB Name:       TamagotchiPalmOS
PRC DB Version:    1
Type:              appl
Creator:           JOBN
Resource Count:    14
Creation Time:     2024-08-27 @ 1200
Modification Time: 2024-08-27 @ 1200
Last Backup Time:  
Attributes:         0x00000009
                    dmHdrAttrResDB
                    dmHdrAttrBackup

1:   tAIN           Application Name String            1000 (0x03e8)     17
[TamagotchiPalmOS]
2:   tver           Application Version String         1000 (0x03e8)     4
[1.0]
3:   code           68K Object Code                    1 (0x0001)        17604
4:   data           68K Global Data                    0 (0x0000)        11182
5:   data           68K Global Data                    1 (0x0001)        2245
6:   code           68K Object Code                    0 (0x0000)        24
7:   MBAR           Menu Bar                           1001 (0x03e9)     285
8:   MBAR           Menu Bar                           1005 (0x03ed)     191
9:   Talt           Alert                              1007 (0x03ef)     98
10:   tFRM           Form                               1008 (0x03f0)     198
11:   tFRM           Form                               1011 (0x03f3)     326
12:   tFRM           Form                               1016 (0x03f8)     286
13:   tAIB           Application Icon                   1000 (0x03e8)     2360
14:   tAIB           Application Icon                   1001 (0x03e9)     692
