File:    1	"__RuntimeModule__"
File:    2	"C:\Program Files (x86)\Metrowerks\CodeWarrior\Palm OS Support\CodeWarrior Libraries\Runtime\PalmOSRuntime_2i_A4A5.lib"
File:    3	"CPlusLib68K.cp"
File:    4	"Exception68K.cp"
File:    5	"LongLong68K.c"
File:    6	"MWRTTI.cp"
File:    7	"NMWException.cp"
File:    8	"NewMore.cp"
File:    9	"New.cp"
File:   10	"PalmOS_AbortExit.cpp"
File:   11	"PalmOS_GlobalDestructors.c"
File:   12	"PalmOS_setjmp.c"
File:   13	"PalmOS_Startup.cpp"
File:   14	"CWCallbackThunks.cpp"
File:   15	"CWRuntime.c"
File:   16	"C:\Program Files (x86)\Metrowerks\CodeWarrior\CW for Palm OS Support\MSL\MSL_C++\MSL_Palm_OS\Lib\68K\MSL_C++_PalmOS_2iA4A5.lib"
File:   17	"\\engserv\cdserver\Product_Layouts\PalmOS\Version 9.0\Win Layout\CW for Palm OS Support\MSL\MSL_C++\MSL_Common\Src\ios.cpp"
File:   18	"\\engserv\cdserver\Product_Layouts\PalmOS\Version 9.0\Win Layout\CW for Palm OS Support\MSL\MSL_C++\MSL_Common\Src\iostream.cpp"
File:   19	"\\engserv\cdserver\Product_Layouts\PalmOS\Version 9.0\Win Layout\CW for Palm OS Support\MSL\MSL_C++\MSL_Common\Src\MSLstring.cpp"
File:   20	"\\engserv\cdserver\Product_Layouts\PalmOS\Version 9.0\Win Layout\CW for Palm OS Support\MSL\MSL_C++\MSL_Common\Src\mutex.cpp"
File:   21	"\\engserv\cdserver\Product_Layouts\PalmOS\Version 9.0\Win Layout\CW for Palm OS Support\MSL\MSL_C++\MSL_Common\Src\strstream.cpp"
File:   22	"\\engserv\cdserver\Product_Layouts\PalmOS\Version 9.0\Win Layout\CW for Palm OS Support\MSL\MSL_C++\MSL_Common\Src\complex.cpp"
File:   23	"\\engserv\cdserver\Product_Layouts\PalmOS\Version 9.0\Win Layout\CW for Palm OS Support\MSL\MSL_C\MSL_Common\Src\float.c"
File:   24	"\\engserv\cdserver\Product_Layouts\PalmOS\Version 9.0\Win Layout\CW for Palm OS Support\MSL\MSL_C\MSL_Common\Src\errno.c"
File:   25	"\\engserv\cdserver\Product_Layouts\PalmOS\Version 9.0\Win Layout\CW for Palm OS Support\MSL\MSL_C\MSL_Common\Src\string.c"
File:   26	"\\engserv\cdserver\Product_Layouts\PalmOS\Version 9.0\Win Layout\CW for Palm OS Support\MSL\MSL_C\MSL_Common\Src\qsort.c"
File:   27	"\\engserv\cdserver\Product_Layouts\PalmOS\Version 9.0\Win Layout\CW for Palm OS Support\MSL\MSL_C\MSL_Common\Src\arith.c"
File:   28	"\\engserv\cdserver\Product_Layouts\PalmOS\Version 9.0\Win Layout\CW for Palm OS Support\MSL\MSL_C\MSL_Common\Src\bsearch.c"
File:   29	"\\engserv\cdserver\Product_Layouts\PalmOS\Version 9.0\Win Layout\CW for Palm OS Support\MSL\MSL_C\MSL_Common\Src\rand.c"
File:   30	"\\engserv\cdserver\Product_Layouts\PalmOS\Version 9.0\Win Layout\CW for Palm OS Support\MSL\MSL_C\MSL_Common\Src\ctype.c"
File:   31	"\\engserv\cdserver\Product_Layouts\PalmOS\Version 9.0\Win Layout\CW for Palm OS Support\MSL\MSL_C\MSL_Common\Src\locale.c"
File:   32	"C:\Users\jaubi\Desktop\Palm\Dev\TamagotchiPalmOS\Rsc\TamagotchiPalmOS_Rsc.rcp"
File:   33	"C:\Users\jaubi\Desktop\Palm\Dev\TamagotchiPalmOS\Src\TamagotchiPalmOS.c"
File:   34	"C:\Users\jaubi\Desktop\Palm\Dev\TamagotchiPalmOS\Src\cpu.c"
File:   35	"C:\Users\jaubi\Desktop\Palm\Dev\TamagotchiPalmOS\Src\hw.c"
File:   36	"C:\Users\jaubi\Desktop\Palm\Dev\TamagotchiPalmOS\Src\tamalib.c"

Segment:   1   17206 bytes  "Segment 1"
Code: 000004      12 bytes  "__DummyStartup__"               File: "__RuntimeModule__"
Code: 000010      16 bytes  "__rt_ultoi64"                   File: "LongLong68K.c"
Code: 000020      12 bytes  "__dthandler__4MTWKFv"           File: "NMWException.cp"
Code: 00002c      12 bytes  "__duhandler__4MTWKFv"
Code: 000038      34 bytes  "terminate__3stdFv"
Code: 00005a      40 bytes  "abort"                          File: "PalmOS_AbortExit.cpp"
Code: 000082      42 bytes  "__destroy_global_chain"         File: "PalmOS_GlobalDestructors.c"
Code: 0000ac      14 bytes  "setjmp"                         File: "PalmOS_setjmp.c"
Code: 0000ba      18 bytes  "longjmp"
Code: 0000cc     162 bytes  "__Relocate____4MTWKFPScPScUl"   File: "PalmOS_Startup.cpp"
Code: 00016e     206 bytes  "__Relocate_StorageHeap____4MTWKFPScPScPScUl"
Code: 00023c     408 bytes  "__DecompressA4Data____4MTWKFPScPScPSc"
Code: 0003d4     426 bytes  "__SetupA4ConstGlobals____4MTWKFbPPvPPv"
Code: 00057e     568 bytes  "__Startup__"
Code: 0007b6       8 bytes  "__PreInit__"
Code: 0007be       8 bytes  "__InitCode__"
Code: 0007c6     376 bytes  "__LoadAndRelocate____4MTWKFUcP7_opaque"
Code: 00093e      32 bytes  "__CWPrototypeEventThunk__4MTWKFv" File: "CWCallbackThunks.cpp"
Code: 00095e      46 bytes  "_CW_GenerateEventThunk"
Code: 00098c      32 bytes  "__lmul__"                       File: "CWRuntime.c"
Code: 0009ac      22 bytes  "program_load"                   File: "C:\Users\jaubi\Desktop\Palm\Dev\TamagotchiPalmOS\Src\TamagotchiPalmOS.c"
Code: 0009c2      16 bytes  "hal_malloc"
Code: 0009d2      24 bytes  "hal_free"
Code: 0009ea       8 bytes  "hal_halt"
Code: 0009f2       8 bytes  "hal_sleep_until"
Code: 0009fa      22 bytes  "hal_get_timestamp"
Code: 000a10      24 bytes  "hal_set_lcd_icon"
Code: 000a28      54 bytes  "hal_set_lcd_matrix"
Code: 000a5e     144 bytes  "hal_update_screen"
Code: 000aee      28 bytes  "hal_set_frequency"
Code: 000b0a      24 bytes  "hal_play_frequency"
Code: 000b22     178 bytes  "hal_handler"
Code: 000bd4      10 bytes  "hal_is_log_enabled"
Code: 000bde       8 bytes  "hal_log"
Code: 000be6     714 bytes  "load_state_from_prefs"
Code: 000eb0     582 bytes  "save_state_to_prefs"
Code: 0010f6      40 bytes  "GetObjectPtr"
Code: 00111e       8 bytes  "MainFormInit"
Code: 001126     210 bytes  "MainFormDoCommand"
Code: 0011f8      76 bytes  "MainFormHandleEvent"
Code: 001244      74 bytes  "AppHandleEvent"
Code: 00128e     454 bytes  "AppEventLoop"
Code: 001454     158 bytes  "AppStart"
Code: 0014f2      50 bytes  "AppStop"
Code: 001524     146 bytes  "RomVersionCompatible"
Code: 0015b6      80 bytes  "PilotMain"
Code: 001606      14 bytes  "cpu_set_speed"                  File: "C:\Users\jaubi\Desktop\Palm\Dev\TamagotchiPalmOS\Src\cpu.c"
Code: 001614      12 bytes  "cpu_get_state"
Code: 001620      12 bytes  "cpu_get_depth"
Code: 00162c      58 bytes  "generate_interrupt"
Code: 001666     112 bytes  "cpu_set_input_pin"
Code: 0016d6      22 bytes  "cpu_sync_ref_timestamp"
Code: 0016ec     624 bytes  "get_io"
Code: 00195c     418 bytes  "set_io"
Code: 001afe      96 bytes  "set_lcd"
Code: 001b5e     460 bytes  "get_memory"
Code: 001d2a     504 bytes  "set_memory"
Code: 001f22      80 bytes  "cpu_refresh_hw"
Code: 001f72      70 bytes  "get_rq"
Code: 001fb8      78 bytes  "set_rq"
Code: 002006      36 bytes  "op_inc_x_cb"
Code: 00202a      36 bytes  "op_inc_y_cb"
Code: 00204e      32 bytes  "op_ld_x_cb"
Code: 00206e      32 bytes  "op_ld_y_cb"
Code: 00208e      14 bytes  "op_pset_cb"
Code: 00209c      28 bytes  "op_jp_cb"
Code: 0020b8      38 bytes  "op_jp_c_cb"
Code: 0020de      38 bytes  "op_jp_nc_cb"
Code: 002104      38 bytes  "op_jp_z_cb"
Code: 00212a      38 bytes  "op_jp_nz_cb"
Code: 002150      38 bytes  "op_jpba_cb"
Code: 002176     152 bytes  "op_call_cb"
Code: 00220e     140 bytes  "op_calz_cb"
Code: 00229a     118 bytes  "op_ret_cb"
Code: 002310      80 bytes  "op_rets_cb"
Code: 002360     198 bytes  "op_retd_cb"
Code: 002426       8 bytes  "op_nop5_cb"
Code: 00242e       8 bytes  "op_nop7_cb"
Code: 002436      18 bytes  "op_halt_cb"
Code: 002448      40 bytes  "op_ld_xp_r_cb"
Code: 002470      60 bytes  "op_ld_xh_r_cb"
Code: 0024ac      62 bytes  "op_ld_xl_r_cb"
Code: 0024ea      40 bytes  "op_ld_yp_r_cb"
Code: 002512      60 bytes  "op_ld_yh_r_cb"
Code: 00254e      62 bytes  "op_ld_yl_r_cb"
Code: 00258c      32 bytes  "op_ld_r_xp_cb"
Code: 0025ac      32 bytes  "op_ld_r_xh_cb"
Code: 0025cc      30 bytes  "op_ld_r_xl_cb"
Code: 0025ea      32 bytes  "op_ld_r_yp_cb"
Code: 00260a      32 bytes  "op_ld_r_yh_cb"
Code: 00262a      30 bytes  "op_ld_r_yl_cb"
Code: 002648     138 bytes  "op_adc_xh_cb"
Code: 0026d2     136 bytes  "op_adc_xl_cb"
Code: 00275a     138 bytes  "op_adc_yh_cb"
Code: 0027e4     136 bytes  "op_adc_yl_cb"
Code: 00286c      60 bytes  "op_cp_xh_cb"
Code: 0028a8      58 bytes  "op_cp_xl_cb"
Code: 0028e2      60 bytes  "op_cp_yh_cb"
Code: 00291e      58 bytes  "op_cp_yl_cb"
Code: 002958      24 bytes  "op_ld_r_i_cb"
Code: 002970      36 bytes  "op_ld_r_q_cb"
Code: 002994      24 bytes  "op_ld_a_mn_cb"
Code: 0029ac      24 bytes  "op_ld_b_mn_cb"
Code: 0029c4      24 bytes  "op_ld_mn_a_cb"
Code: 0029dc      24 bytes  "op_ld_mn_b_cb"
Code: 0029f4      54 bytes  "op_ldpx_mx_cb"
Code: 002a2a      70 bytes  "op_ldpx_r_cb"
Code: 002a70      54 bytes  "op_ldpy_my_cb"
Code: 002aa6      70 bytes  "op_ldpy_r_cb"
Code: 002aec      86 bytes  "op_lbpx_cb"
Code: 002b42      16 bytes  "op_set_cb"
Code: 002b52      16 bytes  "op_rst_cb"
Code: 002b62      14 bytes  "op_scf_cb"
Code: 002b70      14 bytes  "op_rcf_cb"
Code: 002b7e      14 bytes  "op_szf_cb"
Code: 002b8c      14 bytes  "op_rzf_cb"
Code: 002b9a      14 bytes  "op_sdf_cb"
Code: 002ba8      14 bytes  "op_rdf_cb"
Code: 002bb6      14 bytes  "op_ei_cb"
Code: 002bc4      14 bytes  "op_di_cb"
Code: 002bd2      22 bytes  "op_inc_sp_cb"
Code: 002be8      22 bytes  "op_dec_sp_cb"
Code: 002bfe      50 bytes  "op_push_r_cb"
Code: 002c30      46 bytes  "op_push_xp_cb"
Code: 002c5e      46 bytes  "op_push_xh_cb"
Code: 002c8c      44 bytes  "op_push_xl_cb"
Code: 002cb8      46 bytes  "op_push_yp_cb"
Code: 002ce6      46 bytes  "op_push_yh_cb"
Code: 002d14      44 bytes  "op_push_yl_cb"
Code: 002d40      38 bytes  "op_push_f_cb"
Code: 002d66      50 bytes  "op_pop_r_cb"
Code: 002d98      74 bytes  "op_pop_xp_cb"
Code: 002de2      74 bytes  "op_pop_xh_cb"
Code: 002e2c      76 bytes  "op_pop_xl_cb"
Code: 002e78      74 bytes  "op_pop_yp_cb"
Code: 002ec2      74 bytes  "op_pop_yh_cb"
Code: 002f0c      76 bytes  "op_pop_yl_cb"
Code: 002f58      38 bytes  "op_pop_f_cb"
Code: 002f7e      36 bytes  "op_ld_sph_r_cb"
Code: 002fa2      44 bytes  "op_ld_spl_r_cb"
Code: 002fce      34 bytes  "op_ld_r_sph_cb"
Code: 002ff0      30 bytes  "op_ld_r_spl_cb"
Code: 00300e     166 bytes  "op_add_r_i_cb"
Code: 0030b4     182 bytes  "op_add_r_q_cb"
Code: 00316a     190 bytes  "op_adc_r_i_cb"
Code: 003228     206 bytes  "op_adc_r_q_cb"
Code: 0032f6     170 bytes  "op_sub_cb"
Code: 0033a0     178 bytes  "op_sbc_r_i_cb"
Code: 003452     194 bytes  "op_sbc_r_q_cb"
Code: 003514      72 bytes  "op_and_r_i_cb"
Code: 00355c      88 bytes  "op_and_r_q_cb"
Code: 0035b4      72 bytes  "op_or_r_i_cb"
Code: 0035fc      88 bytes  "op_or_r_q_cb"
Code: 003654      72 bytes  "op_xor_r_i_cb"
Code: 00369c      90 bytes  "op_xor_r_q_cb"
Code: 0036f6      74 bytes  "op_cp_r_i_cb"
Code: 003740     104 bytes  "op_cp_r_q_cb"
Code: 0037a8      50 bytes  "op_fan_r_i_cb"
Code: 0037da      66 bytes  "op_fan_r_q_cb"
Code: 00381c      98 bytes  "op_rlc_cb"
Code: 00387e     106 bytes  "op_rrc_cb"
Code: 0038e8      98 bytes  "op_inc_mn_cb"
Code: 00394a      98 bytes  "op_dec_mn_cb"
Code: 0039ac     238 bytes  "op_acpx_cb"
Code: 003a9a     238 bytes  "op_acpy_cb"
Code: 003b88     226 bytes  "op_scpx_cb"
Code: 003c6a     226 bytes  "op_scpy_cb"
Code: 003d4c      70 bytes  "op_not_cb"
Code: 003d92     220 bytes  "process_interrupts"
Code: 003e6e     168 bytes  "cpu_reset"
Code: 003f16      32 bytes  "cpu_init"
Code: 003f36     386 bytes  "cpu_step"
Code: 0040b8      38 bytes  "hw_init"                        File: "C:\Users\jaubi\Desktop\Palm\Dev\TamagotchiPalmOS\Src\hw.c"
Code: 0040de     130 bytes  "hw_set_lcd_pin"
Code: 004160      80 bytes  "hw_set_button"
Code: 0041b0     132 bytes  "hw_set_buzzer_freq"
Code: 004234      22 bytes  "hw_enable_buzzer"
Code: 00424a      50 bytes  "tamalib_init"                   File: "C:\Users\jaubi\Desktop\Palm\Dev\TamagotchiPalmOS\Src\tamalib.c"
Code: 00427c      14 bytes  "tamalib_register_hal"
Code: 00428a      26 bytes  "tamalib_set_exec_mode"
Code: 0042a4     146 bytes  "tamalib_step"

Data section below A5:  22864 bytes
Data section above A5:     46 bytes

Initialized near data
Data:     -2       2 bytes  "exec_mode"
Data:    -42      40 bytes  "seg_pos"
Data:  -2004    1962 bytes  "ops"
Data:  -2024      20 bytes  "refresh_locs$348"
Data:  -2092      68 bytes  "cpu_state"
Data:  -2093       1 bytes  "speed_ratio"
Data:  -2118      24 bytes  "interrupts"
Data:  -2170      52 bytes  "hal"
Data:  -2186      16 bytes  "icon_button_buffer"
Data: -14474   12288 bytes  "g_program_b12"

Uninitialized near data
Data: -14478       4 bytes  "__global_destructor_chain"
Data: -14482       4 bytes  "ts_freq"
Data: -14486       4 bytes  "g_hal"
Data: -14490       4 bytes  "step_depth"
Data: -14492       2 bytes  "pc"
Data: -14494       2 bytes  "next_pc"
Data: -14496       2 bytes  "x"
Data: -14498       2 bytes  "y"
Data: -14499       1 bytes  "a"
Data: -14500       1 bytes  "b"
Data: -14501       1 bytes  "np"
Data: -14502       1 bytes  "sp"
Data: -14503       1 bytes  "flags"
Data: -18600    4096 bytes  "memory"
Data: -18604       4 bytes  "ts_freq"
Data: -18612       8 bytes  "ref_ts"
Data: -18613       1 bytes  "previous_cycles$2163"
Data: -18618       4 bytes  "tick_counter"
Data: -18619       1 bytes  "prog_timer_rld"
Data: -18620       1 bytes  "prog_timer_data"
Data: -18621       1 bytes  "prog_timer_enabled"
Data: -18626       4 bytes  "prog_timer_timestamp"
Data: -18630       4 bytes  "clk_timer_timestamp"
Data: -18634       4 bytes  "call_depth"
Data: -18638       4 bytes  "g_breakpoints"
Data: -18642       4 bytes  "inputs"
Data: -18646       4 bytes  "g_program"
Data: -18678      32 bytes  "MainFormHandleEventThunk"
Data: -22832    4154 bytes  "g_prefs"
Data: -22833       1 bytes  "is_audio_playing"
Data: -22836       2 bytes  "sin_pos"
Data: -22840       4 bytes  "current_freq"
Data: -22844       4 bytes  "screen_bmp_data"
Data: -22848       4 bytes  "screen_bmp"
Data: -22856       8 bytes  "icon_buffer"
Data: -22860       4 bytes  "g_program_size"
Data: -22864       4 bytes  "g_program"

Initialized far data
Data:     40       6 bytes  "@exceptioninfo@"

Expanded Data section below A4:   2790 bytes
Expanded Data section above A4:    160 bytes

Expanded initialized near A4 relative data
Data:    -26      25 bytes  "@1322"
Data:    -52      25 bytes  "@1321"
Data:    -78      25 bytes  "@1320"
Data:   -104      25 bytes  "@1319"
Data:   -130      25 bytes  "@1318"
Data:   -156      25 bytes  "@1317"
Data:   -182      25 bytes  "@1316"
Data:   -208      25 bytes  "@1315"
Data:   -234      25 bytes  "@1314"
Data:   -262      27 bytes  "@1313"
Data:   -290      27 bytes  "@1312"
Data:   -318      27 bytes  "@1311"
Data:   -346      27 bytes  "@1310"
Data:   -374      27 bytes  "@1309"
Data:   -402      27 bytes  "@1308"
Data:   -430      27 bytes  "@1307"
Data:   -458      27 bytes  "@1306"
Data:   -486      27 bytes  "@1305"
Data:   -514      27 bytes  "@1304"
Data:   -542      27 bytes  "@1303"
Data:   -570      27 bytes  "@1302"
Data:   -598      27 bytes  "@1301"
Data:   -626      27 bytes  "@1300"
Data:   -654      27 bytes  "@1299"
Data:   -682      27 bytes  "@1298"
Data:   -710      27 bytes  "@1297"
Data:   -736      25 bytes  "@1296"
Data:   -762      25 bytes  "@1295"
Data:   -788      25 bytes  "@1294"
Data:   -814      25 bytes  "@1293"
Data:   -838      23 bytes  "@1292"
Data:   -862      23 bytes  "@1291"
Data:   -886      23 bytes  "@1290"
Data:   -910      23 bytes  "@1289"
Data:   -934      23 bytes  "@1288"
Data:   -958      23 bytes  "@1287"
Data:   -982      23 bytes  "@1286"
Data:  -1008      25 bytes  "@1285"
Data:  -1032      23 bytes  "@1284"
Data:  -1056      23 bytes  "@1283"
Data:  -1080      23 bytes  "@1282"
Data:  -1104      23 bytes  "@1281"
Data:  -1128      23 bytes  "@1280"
Data:  -1152      23 bytes  "@1279"
Data:  -1176      23 bytes  "@1278"
Data:  -1202      25 bytes  "@1277"
Data:  -1226      23 bytes  "@1276"
Data:  -1250      23 bytes  "@1275"
Data:  -1274      23 bytes  "@1274"
Data:  -1298      23 bytes  "@1273"
Data:  -1322      23 bytes  "@1272"
Data:  -1346      23 bytes  "@1271"
Data:  -1370      23 bytes  "@1270"
Data:  -1394      23 bytes  "@1269"
Data:  -1418      23 bytes  "@1268"
Data:  -1442      23 bytes  "@1267"
Data:  -1468      25 bytes  "@1266"
Data:  -1494      25 bytes  "@1265"
Data:  -1520      25 bytes  "@1264"
Data:  -1548      27 bytes  "@1263"
Data:  -1574      25 bytes  "@1262"
Data:  -1602      27 bytes  "@1261"
Data:  -1628      25 bytes  "@1260"
Data:  -1654      25 bytes  "@1259"
Data:  -1680      25 bytes  "@1258"
Data:  -1706      25 bytes  "@1257"
Data:  -1732      25 bytes  "@1256"
Data:  -1760      27 bytes  "@1255"
Data:  -1788      27 bytes  "@1254"
Data:  -1814      25 bytes  "@1253"
Data:  -1840      25 bytes  "@1252"
Data:  -1866      25 bytes  "@1251"
Data:  -1892      25 bytes  "@1250"
Data:  -1918      25 bytes  "@1249"
Data:  -1944      25 bytes  "@1248"
Data:  -1970      25 bytes  "@1247"
Data:  -1996      25 bytes  "@1246"
Data:  -2022      25 bytes  "@1245"
Data:  -2048      25 bytes  "@1244"
Data:  -2074      25 bytes  "@1243"
Data:  -2100      25 bytes  "@1242"
Data:  -2126      25 bytes  "@1241"
Data:  -2152      25 bytes  "@1240"
Data:  -2178      25 bytes  "@1239"
Data:  -2204      25 bytes  "@1238"
Data:  -2230      25 bytes  "@1237"
Data:  -2256      25 bytes  "@1236"
Data:  -2282      25 bytes  "@1235"
Data:  -2308      25 bytes  "@1234"
Data:  -2334      25 bytes  "@1233"
Data:  -2360      25 bytes  "@1232"
Data:  -2386      25 bytes  "@1231"
Data:  -2412      25 bytes  "@1230"
Data:  -2436      23 bytes  "@1229"
Data:  -2460      23 bytes  "@1228"
Data:  -2484      23 bytes  "@1227"
Data:  -2510      25 bytes  "@1226"
Data:  -2534      23 bytes  "@1225"
Data:  -2558      23 bytes  "@1224"
Data:  -2584      25 bytes  "@1223"
Data:  -2610      25 bytes  "@1222"
Data:  -2634      23 bytes  "@1221"
Data:  -2660      25 bytes  "@1220"
Data:  -2686      25 bytes  "@1219"
Data:  -2712      25 bytes  "@1218"
Data:  -2738      25 bytes  "@1217"
Data:  -2764      25 bytes  "@1216"
Data:  -2790      25 bytes  "@1215"

Expanded initialized far A4 relative data
Data:      0     160 bytes  "__segtable__"

-----

PRC DB Name:       TamagotchiPalmOS
PRC DB Version:    1
Type:              appl
Creator:           JOBN
Resource Count:    14
Creation Time:     2024-09-26 @ 1604
Modification Time: 2024-09-26 @ 1604
Last Backup Time:  
Attributes:         0x00000009
                    dmHdrAttrResDB
                    dmHdrAttrBackup

1:   tAIN           Application Name String            1000 (0x03e8)     17
[TamagotchiPalmOS]
2:   tver           Application Version String         1000 (0x03e8)     4
[1.0]
3:   code           68K Object Code                    1 (0x0001)        17206
4:   data           68K Global Data                    0 (0x0000)        14440
5:   data           68K Global Data                    1 (0x0001)        2245
6:   code           68K Object Code                    0 (0x0000)        24
7:   MBAR           Menu Bar                           1001 (0x03e9)     285
8:   MBAR           Menu Bar                           1005 (0x03ed)     191
9:   Talt           Alert                              1007 (0x03ef)     98
10:   tFRM           Form                               1008 (0x03f0)     376
11:   tFRM           Form                               1017 (0x03f9)     364
12:   tFRM           Form                               1022 (0x03fe)     238
13:   tAIB           Application Icon                   1000 (0x03e8)     2360
14:   tAIB           Application Icon                   1001 (0x03e9)     692
