File:    1	"__RuntimeModule__"
File:    2	"C:\Program Files (x86)\Metrowerks\CodeWarrior\Palm OS Support\CodeWarrior Libraries\Runtime\PalmOSRuntime_2i_A4A5.lib"
File:    3	"CPlusLib68K.cp"
File:    4	"Exception68K.cp"
File:    5	"LongLong68K.c"
File:    6	"MWRTTI.cp"
File:    7	"NMWException.cp"
File:    8	"NewMore.cp"
File:    9	"New.cp"
File:   10	"PalmOS_AbortExit.cpp"
File:   11	"PalmOS_GlobalDestructors.c"
File:   12	"PalmOS_setjmp.c"
File:   13	"PalmOS_Startup.cpp"
File:   14	"CWCallbackThunks.cpp"
File:   15	"CWRuntime.c"
File:   16	"C:\Program Files (x86)\Metrowerks\CodeWarrior\CW for Palm OS Support\MSL\MSL_C++\MSL_Palm_OS\Lib\68K\MSL_C++_PalmOS_2iA4A5.lib"
File:   17	"\\engserv\cdserver\Product_Layouts\PalmOS\Version 9.0\Win Layout\CW for Palm OS Support\MSL\MSL_C++\MSL_Common\Src\ios.cpp"
File:   18	"\\engserv\cdserver\Product_Layouts\PalmOS\Version 9.0\Win Layout\CW for Palm OS Support\MSL\MSL_C++\MSL_Common\Src\iostream.cpp"
File:   19	"\\engserv\cdserver\Product_Layouts\PalmOS\Version 9.0\Win Layout\CW for Palm OS Support\MSL\MSL_C++\MSL_Common\Src\MSLstring.cpp"
File:   20	"\\engserv\cdserver\Product_Layouts\PalmOS\Version 9.0\Win Layout\CW for Palm OS Support\MSL\MSL_C++\MSL_Common\Src\mutex.cpp"
File:   21	"\\engserv\cdserver\Product_Layouts\PalmOS\Version 9.0\Win Layout\CW for Palm OS Support\MSL\MSL_C++\MSL_Common\Src\strstream.cpp"
File:   22	"\\engserv\cdserver\Product_Layouts\PalmOS\Version 9.0\Win Layout\CW for Palm OS Support\MSL\MSL_C++\MSL_Common\Src\complex.cpp"
File:   23	"\\engserv\cdserver\Product_Layouts\PalmOS\Version 9.0\Win Layout\CW for Palm OS Support\MSL\MSL_C\MSL_Common\Src\float.c"
File:   24	"\\engserv\cdserver\Product_Layouts\PalmOS\Version 9.0\Win Layout\CW for Palm OS Support\MSL\MSL_C\MSL_Common\Src\errno.c"
File:   25	"\\engserv\cdserver\Product_Layouts\PalmOS\Version 9.0\Win Layout\CW for Palm OS Support\MSL\MSL_C\MSL_Common\Src\string.c"
File:   26	"\\engserv\cdserver\Product_Layouts\PalmOS\Version 9.0\Win Layout\CW for Palm OS Support\MSL\MSL_C\MSL_Common\Src\qsort.c"
File:   27	"\\engserv\cdserver\Product_Layouts\PalmOS\Version 9.0\Win Layout\CW for Palm OS Support\MSL\MSL_C\MSL_Common\Src\arith.c"
File:   28	"\\engserv\cdserver\Product_Layouts\PalmOS\Version 9.0\Win Layout\CW for Palm OS Support\MSL\MSL_C\MSL_Common\Src\bsearch.c"
File:   29	"\\engserv\cdserver\Product_Layouts\PalmOS\Version 9.0\Win Layout\CW for Palm OS Support\MSL\MSL_C\MSL_Common\Src\rand.c"
File:   30	"\\engserv\cdserver\Product_Layouts\PalmOS\Version 9.0\Win Layout\CW for Palm OS Support\MSL\MSL_C\MSL_Common\Src\ctype.c"
File:   31	"\\engserv\cdserver\Product_Layouts\PalmOS\Version 9.0\Win Layout\CW for Palm OS Support\MSL\MSL_C\MSL_Common\Src\locale.c"
File:   32	"C:\Users\jaubi\Desktop\Palm\Dev\TamagotchiPalmOS\Rsc\TamagotchiPalmOS_Rsc.rcp"
File:   33	"C:\Users\jaubi\Desktop\Palm\Dev\TamagotchiPalmOS\Src\TamagotchiPalmOS.c"
File:   34	"C:\Users\jaubi\Desktop\Palm\Dev\TamagotchiPalmOS\Src\cpu.c"
File:   35	"C:\Users\jaubi\Desktop\Palm\Dev\TamagotchiPalmOS\Src\hw.c"
File:   36	"C:\Users\jaubi\Desktop\Palm\Dev\TamagotchiPalmOS\Src\tamalib.c"

Segment:   1   15330 bytes  "Segment 1"
Code: 000004      12 bytes  "__DummyStartup__"               File: "__RuntimeModule__"
Code: 000010      30 bytes  "__rt_add64"                     File: "LongLong68K.c"
Code: 00002e      16 bytes  "__rt_ultoi64"
Code: 00003e      12 bytes  "__dthandler__4MTWKFv"           File: "NMWException.cp"
Code: 00004a      12 bytes  "__duhandler__4MTWKFv"
Code: 000056      34 bytes  "terminate__3stdFv"
Code: 000078      40 bytes  "abort"                          File: "PalmOS_AbortExit.cpp"
Code: 0000a0      42 bytes  "__destroy_global_chain"         File: "PalmOS_GlobalDestructors.c"
Code: 0000ca      14 bytes  "setjmp"                         File: "PalmOS_setjmp.c"
Code: 0000d8      18 bytes  "longjmp"
Code: 0000ea     162 bytes  "__Relocate____4MTWKFPScPScUl"   File: "PalmOS_Startup.cpp"
Code: 00018c     206 bytes  "__Relocate_StorageHeap____4MTWKFPScPScPScUl"
Code: 00025a     408 bytes  "__DecompressA4Data____4MTWKFPScPScPSc"
Code: 0003f2     426 bytes  "__SetupA4ConstGlobals____4MTWKFbPPvPPv"
Code: 00059c     568 bytes  "__Startup__"
Code: 0007d4       8 bytes  "__PreInit__"
Code: 0007dc       8 bytes  "__InitCode__"
Code: 0007e4     376 bytes  "__LoadAndRelocate____4MTWKFUcP7_opaque"
Code: 00095c      32 bytes  "__CWPrototypeEventThunk__4MTWKFv" File: "CWCallbackThunks.cpp"
Code: 00097c      46 bytes  "_CW_GenerateEventThunk"
Code: 0009aa      32 bytes  "__lmul__"                       File: "CWRuntime.c"
Code: 0009ca      76 bytes  "__ldivu__"
Code: 000a16      16 bytes  "program_load"                   File: "C:\Users\jaubi\Desktop\Palm\Dev\TamagotchiPalmOS\Src\TamagotchiPalmOS.c"
Code: 000a26      12 bytes  "hal_malloc"
Code: 000a32      18 bytes  "hal_free"
Code: 000a44      14 bytes  "hal_halt"
Code: 000a52       2 bytes  "hal_sleep_until"
Code: 000a54      18 bytes  "hal_get_timestamp"
Code: 000a66      18 bytes  "hal_set_lcd_icon"
Code: 000a78      48 bytes  "hal_set_lcd_matrix"
Code: 000aa8      18 bytes  "hal_update_screen"
Code: 000aba      22 bytes  "hal_set_frequency"
Code: 000ad0      18 bytes  "hal_play_frequency"
Code: 000ae2     192 bytes  "hal_handler"
Code: 000ba2       4 bytes  "hal_is_log_enabled"
Code: 000ba6       2 bytes  "hal_log"
Code: 000ba8     102 bytes  "poll_keys"
Code: 000c0e       2 bytes  "MainFormInit"
Code: 000c10     206 bytes  "MainFormDoCommand"
Code: 000cde      74 bytes  "MainFormHandleEvent"
Code: 000d28      72 bytes  "AppHandleEvent"
Code: 000d70     142 bytes  "AppEventLoop"
Code: 000dfe      64 bytes  "AppStart"
Code: 000e3e      44 bytes  "AppStop"
Code: 000e6a     152 bytes  "RomVersionCompatible"
Code: 000f02      78 bytes  "PilotMain"
Code: 000f50       8 bytes  "cpu_set_speed"                  File: "C:\Users\jaubi\Desktop\Palm\Dev\TamagotchiPalmOS\Src\cpu.c"
Code: 000f58       6 bytes  "cpu_get_depth"
Code: 000f5e      52 bytes  "generate_interrupt"
Code: 000f92     106 bytes  "cpu_set_input_pin"
Code: 000ffc      18 bytes  "cpu_sync_ref_timestamp"
Code: 00100e     772 bytes  "get_io"
Code: 001312     412 bytes  "set_io"
Code: 0014ae      90 bytes  "set_lcd"
Code: 001508     526 bytes  "get_memory"
Code: 001716     672 bytes  "set_memory"
Code: 0019b6      64 bytes  "get_rq"
Code: 0019f6      72 bytes  "set_rq"
Code: 001a3e       8 bytes  "op_pset_cb"
Code: 001a46      22 bytes  "op_jp_cb"
Code: 001a5c      32 bytes  "op_jp_c_cb"
Code: 001a7c      32 bytes  "op_jp_nc_cb"
Code: 001a9c      32 bytes  "op_jp_z_cb"
Code: 001abc      32 bytes  "op_jp_nz_cb"
Code: 001adc      32 bytes  "op_jpba_cb"
Code: 001afc     150 bytes  "op_call_cb"
Code: 001b92     138 bytes  "op_calz_cb"
Code: 001c1c     118 bytes  "op_ret_cb"
Code: 001c92      76 bytes  "op_rets_cb"
Code: 001cde     194 bytes  "op_retd_cb"
Code: 001da0       2 bytes  "op_nop5_cb"
Code: 001da2       2 bytes  "op_nop7_cb"
Code: 001da4      12 bytes  "op_halt_cb"
Code: 001db0      30 bytes  "op_inc_x_cb"
Code: 001dce      30 bytes  "op_inc_y_cb"
Code: 001dec      26 bytes  "op_ld_x_cb"
Code: 001e06      26 bytes  "op_ld_y_cb"
Code: 001e20      36 bytes  "op_ld_xp_r_cb"
Code: 001e44      54 bytes  "op_ld_xh_r_cb"
Code: 001e7a      56 bytes  "op_ld_xl_r_cb"
Code: 001eb2      36 bytes  "op_ld_yp_r_cb"
Code: 001ed6      54 bytes  "op_ld_yh_r_cb"
Code: 001f0c      56 bytes  "op_ld_yl_r_cb"
Code: 001f44      28 bytes  "op_ld_r_xp_cb"
Code: 001f60      28 bytes  "op_ld_r_xh_cb"
Code: 001f7c      26 bytes  "op_ld_r_xl_cb"
Code: 001f96      28 bytes  "op_ld_r_yp_cb"
Code: 001fb2      28 bytes  "op_ld_r_yh_cb"
Code: 001fce      26 bytes  "op_ld_r_yl_cb"
Code: 001fe8     132 bytes  "op_adc_xh_cb"
Code: 00206c     130 bytes  "op_adc_xl_cb"
Code: 0020ee     132 bytes  "op_adc_yh_cb"
Code: 002172     130 bytes  "op_adc_yl_cb"
Code: 0021f4      54 bytes  "op_cp_xh_cb"
Code: 00222a      52 bytes  "op_cp_xl_cb"
Code: 00225e      54 bytes  "op_cp_yh_cb"
Code: 002294      52 bytes  "op_cp_yl_cb"
Code: 0022c8      20 bytes  "op_ld_r_i_cb"
Code: 0022dc      32 bytes  "op_ld_r_q_cb"
Code: 0022fc      20 bytes  "op_ld_a_mn_cb"
Code: 002310      20 bytes  "op_ld_b_mn_cb"
Code: 002324      20 bytes  "op_ld_mn_a_cb"
Code: 002338      20 bytes  "op_ld_mn_b_cb"
Code: 00234c      48 bytes  "op_ldpx_mx_cb"
Code: 00237c      64 bytes  "op_ldpx_r_cb"
Code: 0023bc      48 bytes  "op_ldpy_my_cb"
Code: 0023ec      64 bytes  "op_ldpy_r_cb"
Code: 00242c      80 bytes  "op_lbpx_cb"
Code: 00247c      10 bytes  "op_set_cb"
Code: 002486      10 bytes  "op_rst_cb"
Code: 002490       8 bytes  "op_scf_cb"
Code: 002498       8 bytes  "op_rcf_cb"
Code: 0024a0       8 bytes  "op_szf_cb"
Code: 0024a8       8 bytes  "op_rzf_cb"
Code: 0024b0       8 bytes  "op_sdf_cb"
Code: 0024b8       8 bytes  "op_rdf_cb"
Code: 0024c0       8 bytes  "op_ei_cb"
Code: 0024c8       8 bytes  "op_di_cb"
Code: 0024d0      16 bytes  "op_inc_sp_cb"
Code: 0024e0      16 bytes  "op_dec_sp_cb"
Code: 0024f0      46 bytes  "op_push_r_cb"
Code: 00251e      42 bytes  "op_push_xp_cb"
Code: 002548      42 bytes  "op_push_xh_cb"
Code: 002572      40 bytes  "op_push_xl_cb"
Code: 00259a      42 bytes  "op_push_yp_cb"
Code: 0025c4      42 bytes  "op_push_yh_cb"
Code: 0025ee      40 bytes  "op_push_yl_cb"
Code: 002616      34 bytes  "op_push_f_cb"
Code: 002638      46 bytes  "op_pop_r_cb"
Code: 002666      68 bytes  "op_pop_xp_cb"
Code: 0026aa      68 bytes  "op_pop_xh_cb"
Code: 0026ee      70 bytes  "op_pop_xl_cb"
Code: 002734      68 bytes  "op_pop_yp_cb"
Code: 002778      68 bytes  "op_pop_yh_cb"
Code: 0027bc      70 bytes  "op_pop_yl_cb"
Code: 002802      34 bytes  "op_pop_f_cb"
Code: 002824      32 bytes  "op_ld_sph_r_cb"
Code: 002844      40 bytes  "op_ld_spl_r_cb"
Code: 00286c      30 bytes  "op_ld_r_sph_cb"
Code: 00288a      26 bytes  "op_ld_r_spl_cb"
Code: 0028a4     160 bytes  "op_add_r_i_cb"
Code: 002944     180 bytes  "op_add_r_q_cb"
Code: 0029f8     184 bytes  "op_adc_r_i_cb"
Code: 002ab0     204 bytes  "op_adc_r_q_cb"
Code: 002b7c     168 bytes  "op_sub_cb"
Code: 002c24     172 bytes  "op_sbc_r_i_cb"
Code: 002cd0     192 bytes  "op_sbc_r_q_cb"
Code: 002d90      66 bytes  "op_and_r_i_cb"
Code: 002dd2      86 bytes  "op_and_r_q_cb"
Code: 002e28      66 bytes  "op_or_r_i_cb"
Code: 002e6a      86 bytes  "op_or_r_q_cb"
Code: 002ec0      66 bytes  "op_xor_r_i_cb"
Code: 002f02      88 bytes  "op_xor_r_q_cb"
Code: 002f5a      68 bytes  "op_cp_r_i_cb"
Code: 002f9e     102 bytes  "op_cp_r_q_cb"
Code: 003004      44 bytes  "op_fan_r_i_cb"
Code: 003030      64 bytes  "op_fan_r_q_cb"
Code: 003070      92 bytes  "op_rlc_cb"
Code: 0030cc     100 bytes  "op_rrc_cb"
Code: 003130      92 bytes  "op_inc_mn_cb"
Code: 00318c      92 bytes  "op_dec_mn_cb"
Code: 0031e8     236 bytes  "op_acpx_cb"
Code: 0032d4     236 bytes  "op_acpy_cb"
Code: 0033c0     224 bytes  "op_scpx_cb"
Code: 0034a0     224 bytes  "op_scpy_cb"
Code: 003580      64 bytes  "op_not_cb"
Code: 0035c0     150 bytes  "wait_for_cycles"
Code: 003656     228 bytes  "process_interrupts"
Code: 00373a     182 bytes  "cpu_reset"
Code: 0037f0      26 bytes  "cpu_init"
Code: 00380a     394 bytes  "cpu_step"
Code: 003994      36 bytes  "hw_init"                        File: "C:\Users\jaubi\Desktop\Palm\Dev\TamagotchiPalmOS\Src\hw.c"
Code: 0039b8     124 bytes  "hw_set_lcd_pin"
Code: 003a34      74 bytes  "hw_set_button"
Code: 003a7e     126 bytes  "hw_set_buzzer_freq"
Code: 003afc      18 bytes  "hw_enable_buzzer"
Code: 003b0e      44 bytes  "tamalib_init"                   File: "C:\Users\jaubi\Desktop\Palm\Dev\TamagotchiPalmOS\Src\tamalib.c"
Code: 003b3a       8 bytes  "tamalib_register_hal"
Code: 003b42      20 bytes  "tamalib_set_exec_mode"
Code: 003b56     140 bytes  "tamalib_step"

Data section below A5:  14976 bytes
Data section above A5:     46 bytes

Initialized near data
Data:     -2       2 bytes  "exec_mode"
Data:    -42      40 bytes  "seg_pos"
Data:  -2004    1962 bytes  "ops"
Data:  -2005       1 bytes  "speed_ratio"
Data:  -2030      24 bytes  "interrupts"
Data:  -2082      52 bytes  "hal"
Data: -14370   12288 bytes  "g_program_b12"

Uninitialized near data
Data: -14374       4 bytes  "__global_destructor_chain"
Data: -14378       4 bytes  "ts_freq"
Data: -14382       4 bytes  "g_hal"
Data: -14386       4 bytes  "step_depth"
Data: -14388       2 bytes  "pc"
Data: -14390       2 bytes  "next_pc"
Data: -14392       2 bytes  "x"
Data: -14394       2 bytes  "y"
Data: -14395       1 bytes  "a"
Data: -14396       1 bytes  "b"
Data: -14397       1 bytes  "np"
Data: -14398       1 bytes  "sp"
Data: -14399       1 bytes  "flags"
Data: -14864     464 bytes  "memory"
Data: -14868       4 bytes  "ts_freq"
Data: -14876       8 bytes  "ref_ts"
Data: -14877       1 bytes  "previous_cycles$2143"
Data: -14882       4 bytes  "tick_counter"
Data: -14883       1 bytes  "prog_timer_rld"
Data: -14884       1 bytes  "prog_timer_data"
Data: -14885       1 bytes  "prog_timer_enabled"
Data: -14890       4 bytes  "prog_timer_timestamp"
Data: -14894       4 bytes  "clk_timer_timestamp"
Data: -14898       4 bytes  "call_depth"
Data: -14902       4 bytes  "g_breakpoints"
Data: -14906       4 bytes  "inputs"
Data: -14910       4 bytes  "g_program"
Data: -14942      32 bytes  "MainFormHandleEventThunk"
Data: -14944       2 bytes  "g_prefs"
Data: -14945       1 bytes  "is_audio_playing"
Data: -14948       2 bytes  "sin_pos"
Data: -14952       4 bytes  "current_freq"
Data: -14956       4 bytes  "screen_bmp_data"
Data: -14960       4 bytes  "screen_bmp"
Data: -14968       8 bytes  "icon_buffer"
Data: -14972       4 bytes  "g_program_size"
Data: -14976       4 bytes  "g_program"

Initialized far data
Data:     40       6 bytes  "@exceptioninfo@"

Expanded Data section below A4:   2790 bytes
Expanded Data section above A4:    160 bytes

Expanded initialized near A4 relative data
Data:    -26      25 bytes  "@1953"
Data:    -52      25 bytes  "@1952"
Data:    -78      25 bytes  "@1951"
Data:   -104      25 bytes  "@1950"
Data:   -130      25 bytes  "@1949"
Data:   -156      25 bytes  "@1948"
Data:   -182      25 bytes  "@1947"
Data:   -208      25 bytes  "@1946"
Data:   -234      25 bytes  "@1945"
Data:   -262      27 bytes  "@1944"
Data:   -290      27 bytes  "@1943"
Data:   -318      27 bytes  "@1942"
Data:   -346      27 bytes  "@1941"
Data:   -374      27 bytes  "@1940"
Data:   -402      27 bytes  "@1939"
Data:   -430      27 bytes  "@1938"
Data:   -458      27 bytes  "@1937"
Data:   -486      27 bytes  "@1936"
Data:   -514      27 bytes  "@1935"
Data:   -542      27 bytes  "@1934"
Data:   -570      27 bytes  "@1933"
Data:   -598      27 bytes  "@1932"
Data:   -626      27 bytes  "@1931"
Data:   -654      27 bytes  "@1930"
Data:   -682      27 bytes  "@1929"
Data:   -710      27 bytes  "@1928"
Data:   -736      25 bytes  "@1927"
Data:   -762      25 bytes  "@1926"
Data:   -788      25 bytes  "@1925"
Data:   -814      25 bytes  "@1924"
Data:   -838      23 bytes  "@1923"
Data:   -862      23 bytes  "@1922"
Data:   -886      23 bytes  "@1921"
Data:   -910      23 bytes  "@1920"
Data:   -934      23 bytes  "@1919"
Data:   -958      23 bytes  "@1918"
Data:   -982      23 bytes  "@1917"
Data:  -1008      25 bytes  "@1916"
Data:  -1032      23 bytes  "@1915"
Data:  -1056      23 bytes  "@1914"
Data:  -1080      23 bytes  "@1913"
Data:  -1104      23 bytes  "@1912"
Data:  -1128      23 bytes  "@1911"
Data:  -1152      23 bytes  "@1910"
Data:  -1176      23 bytes  "@1909"
Data:  -1202      25 bytes  "@1908"
Data:  -1226      23 bytes  "@1907"
Data:  -1250      23 bytes  "@1906"
Data:  -1274      23 bytes  "@1905"
Data:  -1298      23 bytes  "@1904"
Data:  -1322      23 bytes  "@1903"
Data:  -1346      23 bytes  "@1902"
Data:  -1370      23 bytes  "@1901"
Data:  -1394      23 bytes  "@1900"
Data:  -1418      23 bytes  "@1899"
Data:  -1442      23 bytes  "@1898"
Data:  -1468      25 bytes  "@1897"
Data:  -1494      25 bytes  "@1896"
Data:  -1520      25 bytes  "@1895"
Data:  -1548      27 bytes  "@1894"
Data:  -1574      25 bytes  "@1893"
Data:  -1602      27 bytes  "@1892"
Data:  -1628      25 bytes  "@1891"
Data:  -1654      25 bytes  "@1890"
Data:  -1680      25 bytes  "@1889"
Data:  -1706      25 bytes  "@1888"
Data:  -1732      25 bytes  "@1887"
Data:  -1760      27 bytes  "@1886"
Data:  -1788      27 bytes  "@1885"
Data:  -1814      25 bytes  "@1884"
Data:  -1840      25 bytes  "@1883"
Data:  -1866      25 bytes  "@1882"
Data:  -1892      25 bytes  "@1881"
Data:  -1918      25 bytes  "@1880"
Data:  -1944      25 bytes  "@1879"
Data:  -1970      25 bytes  "@1878"
Data:  -1996      25 bytes  "@1877"
Data:  -2022      25 bytes  "@1876"
Data:  -2048      25 bytes  "@1875"
Data:  -2074      25 bytes  "@1874"
Data:  -2100      25 bytes  "@1873"
Data:  -2126      25 bytes  "@1872"
Data:  -2152      25 bytes  "@1871"
Data:  -2178      25 bytes  "@1870"
Data:  -2204      25 bytes  "@1869"
Data:  -2230      25 bytes  "@1868"
Data:  -2256      25 bytes  "@1867"
Data:  -2282      25 bytes  "@1866"
Data:  -2308      25 bytes  "@1865"
Data:  -2334      25 bytes  "@1864"
Data:  -2360      25 bytes  "@1863"
Data:  -2386      25 bytes  "@1862"
Data:  -2412      25 bytes  "@1861"
Data:  -2436      23 bytes  "@1860"
Data:  -2460      23 bytes  "@1859"
Data:  -2484      23 bytes  "@1858"
Data:  -2510      25 bytes  "@1857"
Data:  -2534      23 bytes  "@1856"
Data:  -2558      23 bytes  "@1855"
Data:  -2584      25 bytes  "@1854"
Data:  -2610      25 bytes  "@1853"
Data:  -2634      23 bytes  "@1852"
Data:  -2660      25 bytes  "@1851"
Data:  -2686      25 bytes  "@1850"
Data:  -2712      25 bytes  "@1849"
Data:  -2738      25 bytes  "@1848"
Data:  -2764      25 bytes  "@1847"
Data:  -2790      25 bytes  "@1846"

Expanded initialized far A4 relative data
Data:      0     160 bytes  "__segtable__"

-----

PRC DB Name:       TamagotchiPalmOS
PRC DB Version:    1
Type:              appl
Creator:           JOBN
Resource Count:    14
Creation Time:     2024-09-09 @ 1339
Modification Time: 2024-09-09 @ 1339
Last Backup Time:  
Attributes:         0x00000009
                    dmHdrAttrResDB
                    dmHdrAttrBackup

1:   tAIN           Application Name String            1000 (0x03e8)     17
[TamagotchiPalmOS]
2:   tver           Application Version String         1000 (0x03e8)     4
[1.0]
3:   code           68K Object Code                    1 (0x0001)        15330
4:   data           68K Global Data                    0 (0x0000)        14320
5:   data           68K Global Data                    1 (0x0001)        2245
6:   code           68K Object Code                    0 (0x0000)        24
7:   MBAR           Menu Bar                           1001 (0x03e9)     285
8:   MBAR           Menu Bar                           1005 (0x03ed)     191
9:   Talt           Alert                              1007 (0x03ef)     98
10:   tFRM           Form                               1008 (0x03f0)     104
11:   tFRM           Form                               1009 (0x03f1)     326
12:   tFRM           Form                               1014 (0x03f6)     238
13:   tAIB           Application Icon                   1000 (0x03e8)     2360
14:   tAIB           Application Icon                   1001 (0x03e9)     692
