File:    1	"__RuntimeModule__"
File:    2	"C:\Program Files (x86)\Metrowerks\CodeWarrior\Palm OS Support\CodeWarrior Libraries\Runtime\PalmOSRuntime_2i_A4A5.lib"
File:    3	"CPlusLib68K.cp"
File:    4	"Exception68K.cp"
File:    5	"LongLong68K.c"
File:    6	"MWRTTI.cp"
File:    7	"NMWException.cp"
File:    8	"NewMore.cp"
File:    9	"New.cp"
File:   10	"PalmOS_AbortExit.cpp"
File:   11	"PalmOS_GlobalDestructors.c"
File:   12	"PalmOS_setjmp.c"
File:   13	"PalmOS_Startup.cpp"
File:   14	"CWCallbackThunks.cpp"
File:   15	"CWRuntime.c"
File:   16	"C:\Program Files (x86)\Metrowerks\CodeWarrior\CW for Palm OS Support\MSL\MSL_C++\MSL_Palm_OS\Lib\68K\MSL_C++_PalmOS_2iA4A5.lib"
File:   17	"\\engserv\cdserver\Product_Layouts\PalmOS\Version 9.0\Win Layout\CW for Palm OS Support\MSL\MSL_C++\MSL_Common\Src\ios.cpp"
File:   18	"\\engserv\cdserver\Product_Layouts\PalmOS\Version 9.0\Win Layout\CW for Palm OS Support\MSL\MSL_C++\MSL_Common\Src\iostream.cpp"
File:   19	"\\engserv\cdserver\Product_Layouts\PalmOS\Version 9.0\Win Layout\CW for Palm OS Support\MSL\MSL_C++\MSL_Common\Src\MSLstring.cpp"
File:   20	"\\engserv\cdserver\Product_Layouts\PalmOS\Version 9.0\Win Layout\CW for Palm OS Support\MSL\MSL_C++\MSL_Common\Src\mutex.cpp"
File:   21	"\\engserv\cdserver\Product_Layouts\PalmOS\Version 9.0\Win Layout\CW for Palm OS Support\MSL\MSL_C++\MSL_Common\Src\strstream.cpp"
File:   22	"\\engserv\cdserver\Product_Layouts\PalmOS\Version 9.0\Win Layout\CW for Palm OS Support\MSL\MSL_C++\MSL_Common\Src\complex.cpp"
File:   23	"\\engserv\cdserver\Product_Layouts\PalmOS\Version 9.0\Win Layout\CW for Palm OS Support\MSL\MSL_C\MSL_Common\Src\float.c"
File:   24	"\\engserv\cdserver\Product_Layouts\PalmOS\Version 9.0\Win Layout\CW for Palm OS Support\MSL\MSL_C\MSL_Common\Src\errno.c"
File:   25	"\\engserv\cdserver\Product_Layouts\PalmOS\Version 9.0\Win Layout\CW for Palm OS Support\MSL\MSL_C\MSL_Common\Src\string.c"
File:   26	"\\engserv\cdserver\Product_Layouts\PalmOS\Version 9.0\Win Layout\CW for Palm OS Support\MSL\MSL_C\MSL_Common\Src\qsort.c"
File:   27	"\\engserv\cdserver\Product_Layouts\PalmOS\Version 9.0\Win Layout\CW for Palm OS Support\MSL\MSL_C\MSL_Common\Src\arith.c"
File:   28	"\\engserv\cdserver\Product_Layouts\PalmOS\Version 9.0\Win Layout\CW for Palm OS Support\MSL\MSL_C\MSL_Common\Src\bsearch.c"
File:   29	"\\engserv\cdserver\Product_Layouts\PalmOS\Version 9.0\Win Layout\CW for Palm OS Support\MSL\MSL_C\MSL_Common\Src\rand.c"
File:   30	"\\engserv\cdserver\Product_Layouts\PalmOS\Version 9.0\Win Layout\CW for Palm OS Support\MSL\MSL_C\MSL_Common\Src\ctype.c"
File:   31	"\\engserv\cdserver\Product_Layouts\PalmOS\Version 9.0\Win Layout\CW for Palm OS Support\MSL\MSL_C\MSL_Common\Src\locale.c"
File:   32	"C:\Users\jaubi\Desktop\Palm\Dev\TamagotchiPalmOS\Rsc\TamagotchiPalmOS_Rsc.rcp"
File:   33	"C:\Users\jaubi\Desktop\Palm\Dev\TamagotchiPalmOS\Src\TamagotchiPalmOS.c"
File:   34	"C:\Users\jaubi\Desktop\Palm\Dev\TamagotchiPalmOS\Src\cpu.c"
File:   35	"C:\Users\jaubi\Desktop\Palm\Dev\TamagotchiPalmOS\Src\hw.c"
File:   36	"C:\Users\jaubi\Desktop\Palm\Dev\TamagotchiPalmOS\Src\tamalib.c"

Segment:   1   15230 bytes  "Segment 1"
Code: 000004      12 bytes  "__DummyStartup__"               File: "__RuntimeModule__"
Code: 000010      16 bytes  "__rt_ultoi64"                   File: "LongLong68K.c"
Code: 000020      12 bytes  "__dthandler__4MTWKFv"           File: "NMWException.cp"
Code: 00002c      12 bytes  "__duhandler__4MTWKFv"
Code: 000038      34 bytes  "terminate__3stdFv"
Code: 00005a      40 bytes  "abort"                          File: "PalmOS_AbortExit.cpp"
Code: 000082      42 bytes  "__destroy_global_chain"         File: "PalmOS_GlobalDestructors.c"
Code: 0000ac      14 bytes  "setjmp"                         File: "PalmOS_setjmp.c"
Code: 0000ba      18 bytes  "longjmp"
Code: 0000cc     162 bytes  "__Relocate____4MTWKFPScPScUl"   File: "PalmOS_Startup.cpp"
Code: 00016e     206 bytes  "__Relocate_StorageHeap____4MTWKFPScPScPScUl"
Code: 00023c     408 bytes  "__DecompressA4Data____4MTWKFPScPScPSc"
Code: 0003d4     426 bytes  "__SetupA4ConstGlobals____4MTWKFbPPvPPv"
Code: 00057e     568 bytes  "__Startup__"
Code: 0007b6       8 bytes  "__PreInit__"
Code: 0007be       8 bytes  "__InitCode__"
Code: 0007c6     376 bytes  "__LoadAndRelocate____4MTWKFUcP7_opaque"
Code: 00093e      32 bytes  "__CWPrototypeEventThunk__4MTWKFv" File: "CWCallbackThunks.cpp"
Code: 00095e      46 bytes  "_CW_GenerateEventThunk"
Code: 00098c      32 bytes  "__lmul__"                       File: "CWRuntime.c"
Code: 0009ac      16 bytes  "program_load"                   File: "C:\Users\jaubi\Desktop\Palm\Dev\TamagotchiPalmOS\Src\TamagotchiPalmOS.c"
Code: 0009bc      12 bytes  "hal_malloc"
Code: 0009c8      18 bytes  "hal_free"
Code: 0009da      14 bytes  "hal_halt"
Code: 0009e8       2 bytes  "hal_sleep_until"
Code: 0009ea      18 bytes  "hal_get_timestamp"
Code: 0009fc      18 bytes  "hal_set_lcd_icon"
Code: 000a0e      48 bytes  "hal_set_lcd_matrix"
Code: 000a3e      18 bytes  "hal_update_screen"
Code: 000a50      22 bytes  "hal_set_frequency"
Code: 000a66      18 bytes  "hal_play_frequency"
Code: 000a78     192 bytes  "hal_handler"
Code: 000b38       4 bytes  "hal_is_log_enabled"
Code: 000b3c       2 bytes  "hal_log"
Code: 000b3e       2 bytes  "MainFormInit"
Code: 000b40     206 bytes  "MainFormDoCommand"
Code: 000c0e      74 bytes  "MainFormHandleEvent"
Code: 000c58      72 bytes  "AppHandleEvent"
Code: 000ca0     424 bytes  "AppEventLoop"
Code: 000e48      64 bytes  "AppStart"
Code: 000e88      44 bytes  "AppStop"
Code: 000eb4     152 bytes  "RomVersionCompatible"
Code: 000f4c      82 bytes  "PilotMain"
Code: 000f9e       8 bytes  "cpu_set_speed"                  File: "C:\Users\jaubi\Desktop\Palm\Dev\TamagotchiPalmOS\Src\cpu.c"
Code: 000fa6       6 bytes  "cpu_get_depth"
Code: 000fac      52 bytes  "generate_interrupt"
Code: 000fe0     106 bytes  "cpu_set_input_pin"
Code: 00104a      18 bytes  "cpu_sync_ref_timestamp"
Code: 00105c     772 bytes  "get_io"
Code: 001360     412 bytes  "set_io"
Code: 0014fc      90 bytes  "set_lcd"
Code: 001556     526 bytes  "get_memory"
Code: 001764     672 bytes  "set_memory"
Code: 001a04      64 bytes  "get_rq"
Code: 001a44      72 bytes  "set_rq"
Code: 001a8c      30 bytes  "op_inc_x_cb"
Code: 001aaa      30 bytes  "op_inc_y_cb"
Code: 001ac8      26 bytes  "op_ld_x_cb"
Code: 001ae2      26 bytes  "op_ld_y_cb"
Code: 001afc       8 bytes  "op_pset_cb"
Code: 001b04      22 bytes  "op_jp_cb"
Code: 001b1a      32 bytes  "op_jp_c_cb"
Code: 001b3a      32 bytes  "op_jp_nc_cb"
Code: 001b5a      32 bytes  "op_jp_z_cb"
Code: 001b7a      32 bytes  "op_jp_nz_cb"
Code: 001b9a      32 bytes  "op_jpba_cb"
Code: 001bba     150 bytes  "op_call_cb"
Code: 001c50     138 bytes  "op_calz_cb"
Code: 001cda     118 bytes  "op_ret_cb"
Code: 001d50      76 bytes  "op_rets_cb"
Code: 001d9c     194 bytes  "op_retd_cb"
Code: 001e5e       2 bytes  "op_nop5_cb"
Code: 001e60       2 bytes  "op_nop7_cb"
Code: 001e62      12 bytes  "op_halt_cb"
Code: 001e6e      36 bytes  "op_ld_xp_r_cb"
Code: 001e92      54 bytes  "op_ld_xh_r_cb"
Code: 001ec8      56 bytes  "op_ld_xl_r_cb"
Code: 001f00      36 bytes  "op_ld_yp_r_cb"
Code: 001f24      54 bytes  "op_ld_yh_r_cb"
Code: 001f5a      56 bytes  "op_ld_yl_r_cb"
Code: 001f92      28 bytes  "op_ld_r_xp_cb"
Code: 001fae      28 bytes  "op_ld_r_xh_cb"
Code: 001fca      26 bytes  "op_ld_r_xl_cb"
Code: 001fe4      28 bytes  "op_ld_r_yp_cb"
Code: 002000      28 bytes  "op_ld_r_yh_cb"
Code: 00201c      26 bytes  "op_ld_r_yl_cb"
Code: 002036     132 bytes  "op_adc_xh_cb"
Code: 0020ba     130 bytes  "op_adc_xl_cb"
Code: 00213c     132 bytes  "op_adc_yh_cb"
Code: 0021c0     130 bytes  "op_adc_yl_cb"
Code: 002242      54 bytes  "op_cp_xh_cb"
Code: 002278      52 bytes  "op_cp_xl_cb"
Code: 0022ac      54 bytes  "op_cp_yh_cb"
Code: 0022e2      52 bytes  "op_cp_yl_cb"
Code: 002316      20 bytes  "op_ld_r_i_cb"
Code: 00232a      32 bytes  "op_ld_r_q_cb"
Code: 00234a      20 bytes  "op_ld_a_mn_cb"
Code: 00235e      20 bytes  "op_ld_b_mn_cb"
Code: 002372      20 bytes  "op_ld_mn_a_cb"
Code: 002386      20 bytes  "op_ld_mn_b_cb"
Code: 00239a      48 bytes  "op_ldpx_mx_cb"
Code: 0023ca      64 bytes  "op_ldpx_r_cb"
Code: 00240a      48 bytes  "op_ldpy_my_cb"
Code: 00243a      64 bytes  "op_ldpy_r_cb"
Code: 00247a      80 bytes  "op_lbpx_cb"
Code: 0024ca      10 bytes  "op_set_cb"
Code: 0024d4      10 bytes  "op_rst_cb"
Code: 0024de       8 bytes  "op_scf_cb"
Code: 0024e6       8 bytes  "op_rcf_cb"
Code: 0024ee       8 bytes  "op_szf_cb"
Code: 0024f6       8 bytes  "op_rzf_cb"
Code: 0024fe       8 bytes  "op_sdf_cb"
Code: 002506       8 bytes  "op_rdf_cb"
Code: 00250e       8 bytes  "op_ei_cb"
Code: 002516       8 bytes  "op_di_cb"
Code: 00251e      16 bytes  "op_inc_sp_cb"
Code: 00252e      16 bytes  "op_dec_sp_cb"
Code: 00253e      46 bytes  "op_push_r_cb"
Code: 00256c      42 bytes  "op_push_xp_cb"
Code: 002596      42 bytes  "op_push_xh_cb"
Code: 0025c0      40 bytes  "op_push_xl_cb"
Code: 0025e8      42 bytes  "op_push_yp_cb"
Code: 002612      42 bytes  "op_push_yh_cb"
Code: 00263c      40 bytes  "op_push_yl_cb"
Code: 002664      34 bytes  "op_push_f_cb"
Code: 002686      46 bytes  "op_pop_r_cb"
Code: 0026b4      68 bytes  "op_pop_xp_cb"
Code: 0026f8      68 bytes  "op_pop_xh_cb"
Code: 00273c      70 bytes  "op_pop_xl_cb"
Code: 002782      68 bytes  "op_pop_yp_cb"
Code: 0027c6      68 bytes  "op_pop_yh_cb"
Code: 00280a      70 bytes  "op_pop_yl_cb"
Code: 002850      34 bytes  "op_pop_f_cb"
Code: 002872      32 bytes  "op_ld_sph_r_cb"
Code: 002892      40 bytes  "op_ld_spl_r_cb"
Code: 0028ba      30 bytes  "op_ld_r_sph_cb"
Code: 0028d8      26 bytes  "op_ld_r_spl_cb"
Code: 0028f2     160 bytes  "op_add_r_i_cb"
Code: 002992     180 bytes  "op_add_r_q_cb"
Code: 002a46     184 bytes  "op_adc_r_i_cb"
Code: 002afe     204 bytes  "op_adc_r_q_cb"
Code: 002bca     168 bytes  "op_sub_cb"
Code: 002c72     172 bytes  "op_sbc_r_i_cb"
Code: 002d1e     192 bytes  "op_sbc_r_q_cb"
Code: 002dde      66 bytes  "op_and_r_i_cb"
Code: 002e20      86 bytes  "op_and_r_q_cb"
Code: 002e76      66 bytes  "op_or_r_i_cb"
Code: 002eb8      86 bytes  "op_or_r_q_cb"
Code: 002f0e      66 bytes  "op_xor_r_i_cb"
Code: 002f50      88 bytes  "op_xor_r_q_cb"
Code: 002fa8      68 bytes  "op_cp_r_i_cb"
Code: 002fec     102 bytes  "op_cp_r_q_cb"
Code: 003052      44 bytes  "op_fan_r_i_cb"
Code: 00307e      64 bytes  "op_fan_r_q_cb"
Code: 0030be      92 bytes  "op_rlc_cb"
Code: 00311a     100 bytes  "op_rrc_cb"
Code: 00317e      92 bytes  "op_inc_mn_cb"
Code: 0031da      92 bytes  "op_dec_mn_cb"
Code: 003236     236 bytes  "op_acpx_cb"
Code: 003322     236 bytes  "op_acpy_cb"
Code: 00340e     224 bytes  "op_scpx_cb"
Code: 0034ee     224 bytes  "op_scpy_cb"
Code: 0035ce      64 bytes  "op_not_cb"
Code: 00360e     214 bytes  "process_interrupts"
Code: 0036e4     182 bytes  "cpu_reset"
Code: 00379a      26 bytes  "cpu_init"
Code: 0037b4     380 bytes  "cpu_step"
Code: 003930      36 bytes  "hw_init"                        File: "C:\Users\jaubi\Desktop\Palm\Dev\TamagotchiPalmOS\Src\hw.c"
Code: 003954     124 bytes  "hw_set_lcd_pin"
Code: 0039d0      74 bytes  "hw_set_button"
Code: 003a1a     126 bytes  "hw_set_buzzer_freq"
Code: 003a98      18 bytes  "hw_enable_buzzer"
Code: 003aaa      44 bytes  "tamalib_init"                   File: "C:\Users\jaubi\Desktop\Palm\Dev\TamagotchiPalmOS\Src\tamalib.c"
Code: 003ad6       8 bytes  "tamalib_register_hal"
Code: 003ade      20 bytes  "tamalib_set_exec_mode"
Code: 003af2     140 bytes  "tamalib_step"

Data section below A5:  14976 bytes
Data section above A5:     46 bytes

Initialized near data
Data:     -2       2 bytes  "exec_mode"
Data:    -42      40 bytes  "seg_pos"
Data:  -2004    1962 bytes  "ops"
Data:  -2005       1 bytes  "speed_ratio"
Data:  -2030      24 bytes  "interrupts"
Data:  -2082      52 bytes  "hal"
Data: -14370   12288 bytes  "g_program_b12"

Uninitialized near data
Data: -14374       4 bytes  "__global_destructor_chain"
Data: -14378       4 bytes  "ts_freq"
Data: -14382       4 bytes  "g_hal"
Data: -14386       4 bytes  "step_depth"
Data: -14388       2 bytes  "pc"
Data: -14390       2 bytes  "next_pc"
Data: -14392       2 bytes  "x"
Data: -14394       2 bytes  "y"
Data: -14395       1 bytes  "a"
Data: -14396       1 bytes  "b"
Data: -14397       1 bytes  "np"
Data: -14398       1 bytes  "sp"
Data: -14399       1 bytes  "flags"
Data: -14864     464 bytes  "memory"
Data: -14868       4 bytes  "ts_freq"
Data: -14876       8 bytes  "ref_ts"
Data: -14877       1 bytes  "previous_cycles$2294"
Data: -14882       4 bytes  "tick_counter"
Data: -14883       1 bytes  "prog_timer_rld"
Data: -14884       1 bytes  "prog_timer_data"
Data: -14885       1 bytes  "prog_timer_enabled"
Data: -14890       4 bytes  "prog_timer_timestamp"
Data: -14894       4 bytes  "clk_timer_timestamp"
Data: -14898       4 bytes  "call_depth"
Data: -14902       4 bytes  "g_breakpoints"
Data: -14906       4 bytes  "inputs"
Data: -14910       4 bytes  "g_program"
Data: -14942      32 bytes  "MainFormHandleEventThunk"
Data: -14944       2 bytes  "g_prefs"
Data: -14945       1 bytes  "is_audio_playing"
Data: -14948       2 bytes  "sin_pos"
Data: -14952       4 bytes  "current_freq"
Data: -14956       4 bytes  "screen_bmp_data"
Data: -14960       4 bytes  "screen_bmp"
Data: -14968       8 bytes  "icon_buffer"
Data: -14972       4 bytes  "g_program_size"
Data: -14976       4 bytes  "g_program"

Initialized far data
Data:     40       6 bytes  "@exceptioninfo@"

Expanded Data section below A4:   2790 bytes
Expanded Data section above A4:    160 bytes

Expanded initialized near A4 relative data
Data:    -26      25 bytes  "@1453"
Data:    -52      25 bytes  "@1452"
Data:    -78      25 bytes  "@1451"
Data:   -104      25 bytes  "@1450"
Data:   -130      25 bytes  "@1449"
Data:   -156      25 bytes  "@1448"
Data:   -182      25 bytes  "@1447"
Data:   -208      25 bytes  "@1446"
Data:   -234      25 bytes  "@1445"
Data:   -262      27 bytes  "@1444"
Data:   -290      27 bytes  "@1443"
Data:   -318      27 bytes  "@1442"
Data:   -346      27 bytes  "@1441"
Data:   -374      27 bytes  "@1440"
Data:   -402      27 bytes  "@1439"
Data:   -430      27 bytes  "@1438"
Data:   -458      27 bytes  "@1437"
Data:   -486      27 bytes  "@1436"
Data:   -514      27 bytes  "@1435"
Data:   -542      27 bytes  "@1434"
Data:   -570      27 bytes  "@1433"
Data:   -598      27 bytes  "@1432"
Data:   -626      27 bytes  "@1431"
Data:   -654      27 bytes  "@1430"
Data:   -682      27 bytes  "@1429"
Data:   -710      27 bytes  "@1428"
Data:   -736      25 bytes  "@1427"
Data:   -762      25 bytes  "@1426"
Data:   -788      25 bytes  "@1425"
Data:   -814      25 bytes  "@1424"
Data:   -838      23 bytes  "@1423"
Data:   -862      23 bytes  "@1422"
Data:   -886      23 bytes  "@1421"
Data:   -910      23 bytes  "@1420"
Data:   -934      23 bytes  "@1419"
Data:   -958      23 bytes  "@1418"
Data:   -982      23 bytes  "@1417"
Data:  -1008      25 bytes  "@1416"
Data:  -1032      23 bytes  "@1415"
Data:  -1056      23 bytes  "@1414"
Data:  -1080      23 bytes  "@1413"
Data:  -1104      23 bytes  "@1412"
Data:  -1128      23 bytes  "@1411"
Data:  -1152      23 bytes  "@1410"
Data:  -1176      23 bytes  "@1409"
Data:  -1202      25 bytes  "@1408"
Data:  -1226      23 bytes  "@1407"
Data:  -1250      23 bytes  "@1406"
Data:  -1274      23 bytes  "@1405"
Data:  -1298      23 bytes  "@1404"
Data:  -1322      23 bytes  "@1403"
Data:  -1346      23 bytes  "@1402"
Data:  -1370      23 bytes  "@1401"
Data:  -1394      23 bytes  "@1400"
Data:  -1418      23 bytes  "@1399"
Data:  -1442      23 bytes  "@1398"
Data:  -1468      25 bytes  "@1397"
Data:  -1494      25 bytes  "@1396"
Data:  -1520      25 bytes  "@1395"
Data:  -1548      27 bytes  "@1394"
Data:  -1574      25 bytes  "@1393"
Data:  -1602      27 bytes  "@1392"
Data:  -1628      25 bytes  "@1391"
Data:  -1654      25 bytes  "@1390"
Data:  -1680      25 bytes  "@1389"
Data:  -1706      25 bytes  "@1388"
Data:  -1732      25 bytes  "@1387"
Data:  -1760      27 bytes  "@1386"
Data:  -1788      27 bytes  "@1385"
Data:  -1814      25 bytes  "@1384"
Data:  -1840      25 bytes  "@1383"
Data:  -1866      25 bytes  "@1382"
Data:  -1892      25 bytes  "@1381"
Data:  -1918      25 bytes  "@1380"
Data:  -1944      25 bytes  "@1379"
Data:  -1970      25 bytes  "@1378"
Data:  -1996      25 bytes  "@1377"
Data:  -2022      25 bytes  "@1376"
Data:  -2048      25 bytes  "@1375"
Data:  -2074      25 bytes  "@1374"
Data:  -2100      25 bytes  "@1373"
Data:  -2126      25 bytes  "@1372"
Data:  -2152      25 bytes  "@1371"
Data:  -2178      25 bytes  "@1370"
Data:  -2204      25 bytes  "@1369"
Data:  -2230      25 bytes  "@1368"
Data:  -2256      25 bytes  "@1367"
Data:  -2282      25 bytes  "@1366"
Data:  -2308      25 bytes  "@1365"
Data:  -2334      25 bytes  "@1364"
Data:  -2360      25 bytes  "@1363"
Data:  -2386      25 bytes  "@1362"
Data:  -2412      25 bytes  "@1361"
Data:  -2436      23 bytes  "@1360"
Data:  -2460      23 bytes  "@1359"
Data:  -2484      23 bytes  "@1358"
Data:  -2510      25 bytes  "@1357"
Data:  -2534      23 bytes  "@1356"
Data:  -2558      23 bytes  "@1355"
Data:  -2584      25 bytes  "@1354"
Data:  -2610      25 bytes  "@1353"
Data:  -2634      23 bytes  "@1352"
Data:  -2660      25 bytes  "@1351"
Data:  -2686      25 bytes  "@1350"
Data:  -2712      25 bytes  "@1349"
Data:  -2738      25 bytes  "@1348"
Data:  -2764      25 bytes  "@1347"
Data:  -2790      25 bytes  "@1346"

Expanded initialized far A4 relative data
Data:      0     160 bytes  "__segtable__"

-----

PRC DB Name:       TamagotchiPalmOS
PRC DB Version:    1
Type:              appl
Creator:           JOBN
Resource Count:    14
Creation Time:     2024-09-19 @ 1112
Modification Time: 2024-09-19 @ 1112
Last Backup Time:  
Attributes:         0x00000009
                    dmHdrAttrResDB
                    dmHdrAttrBackup

1:   tAIN           Application Name String            1000 (0x03e8)     17
[TamagotchiPalmOS]
2:   tver           Application Version String         1000 (0x03e8)     4
[1.0]
3:   code           68K Object Code                    1 (0x0001)        15230
4:   data           68K Global Data                    0 (0x0000)        14322
5:   data           68K Global Data                    1 (0x0001)        2245
6:   code           68K Object Code                    0 (0x0000)        24
7:   MBAR           Menu Bar                           1001 (0x03e9)     285
8:   MBAR           Menu Bar                           1005 (0x03ed)     191
9:   Talt           Alert                              1007 (0x03ef)     98
10:   tFRM           Form                               1008 (0x03f0)     104
11:   tFRM           Form                               1009 (0x03f1)     364
12:   tFRM           Form                               1014 (0x03f6)     238
13:   tAIB           Application Icon                   1000 (0x03e8)     2360
14:   tAIB           Application Icon                   1001 (0x03e9)     692
